.\mvnw : WARNING: A 
restricted method in 
java.lang.System has been 
called
En línea: 1 Carácter: 1
+ .\mvnw test 
-Dtest=JuegoLogicTest -X 
2>&1 | Out-File -FilePath 
test_o ...
+ ~~~~~~~~~~~~~~~~~~~~~~~~~
~~~~~~~~~~~~~~~~
    + CategoryInfo         
     : NotSpecified: (WAR  
  NING: A rest...has bee   
 n called:String) [], R    
emoteException
    + FullyQualifiedErrorI 
   d : NativeCommandError
 
WARNING: 
java.lang.System::load has 
been called by org.fusesour
ce.jansi.internal.JansiLoad
er in an unnamed module (fi
le:/C:/Users/jaime/.m2/wrap
per/dists/apache-maven-3.9.
9/8e74001100ff70d6af083c551
1fcc5ec49282d7017cde82c3698
eee8fdf86698/lib/jansi-2.4.
1.jar)
WARNING: Use --enable-nativ
e-access=ALL-UNNAMED to 
avoid a warning for 
callers in this module
WARNING: Restricted 
methods will be blocked in 
a future release unless 
native access is enabled

Apache Maven 3.9.9 (8e8579a9e76f7d015ee5ec7bfcdc97d260186937)
Maven home: C:\Users\jaime\.m2\wrapper\dists\apache-maven-3.9.9\8e74001100ff70d6af083c5511fcc5ec49282d7017cde82c3698eee8fdf86698
Java version: 25.0.1, vendor: Oracle Corporation, runtime: C:\Program Files\Java\jdk-25
Default locale: es_ES, platform encoding: UTF-8
OS name: "windows 11", version: "10.0", arch: "amd64", family: "windows"
WARNING: A terminally 
deprecated method in 
sun.misc.Unsafe has been 
called
WARNING: sun.misc.Unsafe::o
bjectFieldOffset has been 
called by com.google.common
.util.concurrent.AbstractFu
ture$UnsafeAtomicHelper (fi
le:/C:/Users/jaime/.m2/wrap
per/dists/apache-maven-3.9.
9/8e74001100ff70d6af083c551
1fcc5ec49282d7017cde82c3698
eee8fdf86698/lib/guava-33.2
.1-jre.jar)
WARNING: Please consider 
reporting this to the 
maintainers of class com.go
ogle.common.util.concurrent
.AbstractFuture$UnsafeAtomi
cHelper
WARNING: sun.misc.Unsafe::o
bjectFieldOffset will be 
removed in a future release
[DEBUG] Created new class realm maven.api
[DEBUG] Importing foreign packages into class realm maven.api
[DEBUG]   Imported: javax.annotation.* < plexus.core
[DEBUG]   Imported: javax.annotation.security.* < plexus.core
[DEBUG]   Imported: javax.inject.* < plexus.core
[DEBUG]   Imported: org.apache.maven.* < plexus.core
[DEBUG]   Imported: org.apache.maven.artifact < plexus.core
[DEBUG]   Imported: org.apache.maven.classrealm < plexus.core
[DEBUG]   Imported: org.apache.maven.cli < plexus.core
[DEBUG]   Imported: org.apache.maven.configuration < plexus.core
[DEBUG]   Imported: org.apache.maven.exception < plexus.core
[DEBUG]   Imported: org.apache.maven.execution < plexus.core
[DEBUG]   Imported: org.apache.maven.execution.scope < plexus.core
[DEBUG]   Imported: org.apache.maven.graph < plexus.core
[DEBUG]   Imported: org.apache.maven.lifecycle < plexus.core
[DEBUG]   Imported: org.apache.maven.model < plexus.core
[DEBUG]   Imported: org.apache.maven.monitor < plexus.core
[DEBUG]   Imported: org.apache.maven.plugin < plexus.core
[DEBUG]   Imported: org.apache.maven.profiles < plexus.core
[DEBUG]   Imported: org.apache.maven.project < plexus.core
[DEBUG]   Imported: org.apache.maven.reporting < plexus.core
[DEBUG]   Imported: org.apache.maven.repository < plexus.core
[DEBUG]   Imported: org.apache.maven.rtinfo < plexus.core
[DEBUG]   Imported: org.apache.maven.settings < plexus.core
[DEBUG]   Imported: org.apache.maven.toolchain < plexus.core
[DEBUG]   Imported: org.apache.maven.usability < plexus.core
[DEBUG]   Imported: org.apache.maven.wagon.* < plexus.core
[DEBUG]   Imported: org.apache.maven.wagon.authentication < plexus.core
[DEBUG]   Imported: org.apache.maven.wagon.authorization < plexus.core
[DEBUG]   Imported: org.apache.maven.wagon.events < plexus.core
[DEBUG]   Imported: org.apache.maven.wagon.observers < plexus.core
[DEBUG]   Imported: org.apache.maven.wagon.proxy < plexus.core
[DEBUG]   Imported: org.apache.maven.wagon.repository < plexus.core
[DEBUG]   Imported: org.apache.maven.wagon.resource < plexus.core
[DEBUG]   Imported: org.codehaus.classworlds < plexus.core
[DEBUG]   Imported: org.codehaus.plexus.* < plexus.core
[DEBUG]   Imported: org.codehaus.plexus.classworlds < plexus.core
[DEBUG]   Imported: org.codehaus.plexus.component < plexus.core
[DEBUG]   Imported: org.codehaus.plexus.configuration < plexus.core
[DEBUG]   Imported: org.codehaus.plexus.container < plexus.core
[DEBUG]   Imported: org.codehaus.plexus.context < plexus.core
[DEBUG]   Imported: org.codehaus.plexus.lifecycle < plexus.core
[DEBUG]   Imported: org.codehaus.plexus.logging < plexus.core
[DEBUG]   Imported: org.codehaus.plexus.personality < plexus.core
[DEBUG]   Imported: org.codehaus.plexus.util.xml.Xpp3Dom < plexus.core
[DEBUG]   Imported: org.codehaus.plexus.util.xml.pull.XmlPullParser < plexus.core
[DEBUG]   Imported: org.codehaus.plexus.util.xml.pull.XmlPullParserException < plexus.core
[DEBUG]   Imported: org.codehaus.plexus.util.xml.pull.XmlSerializer < plexus.core
[DEBUG]   Imported: org.eclipse.aether.* < plexus.core
[DEBUG]   Imported: org.eclipse.aether.artifact < plexus.core
[DEBUG]   Imported: org.eclipse.aether.collection < plexus.core
[DEBUG]   Imported: org.eclipse.aether.deployment < plexus.core
[DEBUG]   Imported: org.eclipse.aether.graph < plexus.core
[DEBUG]   Imported: org.eclipse.aether.impl < plexus.core
[DEBUG]   Imported: org.eclipse.aether.installation < plexus.core
[DEBUG]   Imported: org.eclipse.aether.internal.impl < plexus.core
[DEBUG]   Imported: org.eclipse.aether.metadata < plexus.core
[DEBUG]   Imported: org.eclipse.aether.repository < plexus.core
[DEBUG]   Imported: org.eclipse.aether.resolution < plexus.core
[DEBUG]   Imported: org.eclipse.aether.spi < plexus.core
[DEBUG]   Imported: org.eclipse.aether.transfer < plexus.core
[DEBUG]   Imported: org.eclipse.aether.util < plexus.core
[DEBUG]   Imported: org.eclipse.aether.version < plexus.core
[DEBUG]   Imported: org.fusesource.jansi.* < plexus.core
[DEBUG]   Imported: org.slf4j.* < plexus.core
[DEBUG]   Imported: org.slf4j.event.* < plexus.core
[DEBUG]   Imported: org.slf4j.helpers.* < plexus.core
[DEBUG]   Imported: org.slf4j.spi.* < plexus.core
[DEBUG] Populating class realm maven.api
[DEBUG] Created adapter factory; available factories [file-lock, rwlock-local, semaphore-local, noop]; available name mappers [discriminating, file-gav, file-hgav, file-static, gav, static]
[INFO] Error stacktraces are turned on.
[DEBUG] Message scheme: color
[DEBUG] Message styles: debug info warning error success failure strong mojo project
[DEBUG] Reading global settings from C:\Users\jaime\.m2\wrapper\dists\apache-maven-3.9.9\8e74001100ff70d6af083c5511fcc5ec49282d7017cde82c3698eee8fdf86698\conf\settings.xml
[DEBUG] Reading user settings from C:\Users\jaime\.m2\settings.xml
[DEBUG] Reading global toolchains from C:\Users\jaime\.m2\wrapper\dists\apache-maven-3.9.9\8e74001100ff70d6af083c5511fcc5ec49282d7017cde82c3698eee8fdf86698\conf\toolchains.xml
[DEBUG] Reading user toolchains from C:\Users\jaime\.m2\toolchains.xml
[DEBUG] Using local repository at C:\Users\jaime\.m2\repository
[DEBUG] Using manager EnhancedLocalRepositoryManager with priority 10.0 for C:\Users\jaime\.m2\repository
[INFO] Scanning for projects...
[DEBUG] Extension realms for project com.grupo_1:demo:jar:1.0-SNAPSHOT: (none)
[DEBUG] Looking up lifecycle mappings for packaging jar from ClassRealm[plexus.core, parent: null]
[DEBUG] === REACTOR BUILD PLAN ================================================
[DEBUG] Project: com.grupo_1:demo:jar:1.0-SNAPSHOT
[DEBUG] Tasks:   [test]
[DEBUG] Style:   Regular
[DEBUG] =======================================================================
[INFO] 
[INFO] --------------------------< com.grupo_1:demo >--------------------------
[INFO] Building demo 1.0-SNAPSHOT
[INFO]   from pom.xml
[INFO] --------------------------------[ jar ]---------------------------------
[DEBUG] Lifecycle clean -> [pre-clean, clean, post-clean]
[DEBUG] Lifecycle default -> [validate, initialize, generate-sources, process-sources, generate-resources, process-resources, compile, process-classes, generate-test-sources, process-test-sources, generate-test-resources, process-test-resources, test-compile, process-test-classes, test, prepare-package, package, pre-integration-test, integration-test, post-integration-test, verify, install, deploy]
[DEBUG] Lifecycle site -> [pre-site, site, post-site, site-deploy]
[DEBUG] Creating adapter using nameMapper 'gav' and factory 'rwlock-local'
[DEBUG] Lifecycle clean -> [pre-clean, clean, post-clean]
[DEBUG] Lifecycle default -> [validate, initialize, generate-sources, process-sources, generate-resources, process-resources, compile, process-classes, generate-test-sources, process-test-sources, generate-test-resources, process-test-resources, test-compile, process-test-classes, test, prepare-package, package, pre-integration-test, integration-test, post-integration-test, verify, install, deploy]
[DEBUG] Lifecycle site -> [pre-site, site, post-site, site-deploy]
[DEBUG] Lifecycle clean -> [pre-clean, clean, post-clean]
[DEBUG] Lifecycle default -> [validate, initialize, generate-sources, process-sources, generate-resources, process-resources, compile, process-classes, generate-test-sources, process-test-sources, generate-test-resources, process-test-resources, test-compile, process-test-classes, test, prepare-package, package, pre-integration-test, integration-test, post-integration-test, verify, install, deploy]
[DEBUG] Lifecycle site -> [pre-site, site, post-site, site-deploy]
[DEBUG] Lifecycle clean -> [pre-clean, clean, post-clean]
[DEBUG] Lifecycle default -> [validate, initialize, generate-sources, process-sources, generate-resources, process-resources, compile, process-classes, generate-test-sources, process-test-sources, generate-test-resources, process-test-resources, test-compile, process-test-classes, test, prepare-package, package, pre-integration-test, integration-test, post-integration-test, verify, install, deploy]
[DEBUG] Lifecycle site -> [pre-site, site, post-site, site-deploy]
[DEBUG] Lifecycle clean -> [pre-clean, clean, post-clean]
[DEBUG] Lifecycle default -> [validate, initialize, generate-sources, process-sources, generate-resources, process-resources, compile, process-classes, generate-test-sources, process-test-sources, generate-test-resources, process-test-resources, test-compile, process-test-classes, test, prepare-package, package, pre-integration-test, integration-test, post-integration-test, verify, install, deploy]
[DEBUG] Lifecycle site -> [pre-site, site, post-site, site-deploy]
[DEBUG] Lifecycle clean -> [pre-clean, clean, post-clean]
[DEBUG] Lifecycle default -> [validate, initialize, generate-sources, process-sources, generate-resources, process-resources, compile, process-classes, generate-test-sources, process-test-sources, generate-test-resources, process-test-resources, test-compile, process-test-classes, test, prepare-package, package, pre-integration-test, integration-test, post-integration-test, verify, install, deploy]
[DEBUG] Lifecycle site -> [pre-site, site, post-site, site-deploy]
[DEBUG] === PROJECT BUILD PLAN ================================================
[DEBUG] Project:       com.grupo_1:demo:1.0-SNAPSHOT
[DEBUG] Dependencies (collect): []
[DEBUG] Dependencies (resolve): [compile, test]
[DEBUG] Repositories (dependencies): [central (https://repo.maven.apache.org/maven2, default, releases)]
[DEBUG] Repositories (plugins)     : [central (https://repo.maven.apache.org/maven2, default, releases)]
[DEBUG] -----------------------------------------------------------------------
[DEBUG] Goal:          org.apache.maven.plugins:maven-resources-plugin:3.3.1:resources (default-resources)
[DEBUG] Style:         Regular
[DEBUG] Configuration: <?xml version="1.0" encoding="UTF-8"?>
<configuration>
  <addDefaultExcludes default-value="true"/>
  <buildFilters default-value="${project.build.filters}"/>
  <encoding default-value="${project.build.sourceEncoding}"/>
  <escapeWindowsPaths default-value="true"/>
  <fileNameFiltering default-value="false"/>
  <includeEmptyDirs default-value="false"/>
  <outputDirectory default-value="${project.build.outputDirectory}"/>
  <overwrite default-value="false"/>
  <project default-value="${project}"/>
  <resources default-value="${project.resources}"/>
  <session default-value="${session}"/>
  <skip default-value="false">${maven.resources.skip}</skip>
  <supportMultiLineFiltering default-value="false"/>
  <useBuildFilters default-value="true"/>
  <useDefaultDelimiters default-value="true"/>
</configuration>
[DEBUG] -----------------------------------------------------------------------
[DEBUG] Goal:          org.apache.maven.plugins:maven-compiler-plugin:3.13.0:compile (default-compile)
[DEBUG] Style:         Regular
[DEBUG] Configuration: <?xml version="1.0" encoding="UTF-8"?>
<configuration>
  <annotationProcessorPathsUseDepMgmt default-value="false"/>
  <basedir default-value="${basedir}"/>
  <buildDirectory default-value="${project.build.directory}"/>
  <compilePath default-value="${project.compileClasspathElements}"/>
  <compileSourceRoots default-value="${project.compileSourceRoots}"/>
  <compilerId default-value="javac">${maven.compiler.compilerId}</compilerId>
  <compilerReuseStrategy default-value="${reuseCreated}">${maven.compiler.compilerReuseStrategy}</compilerReuseStrategy>
  <compilerVersion>${maven.compiler.compilerVersion}</compilerVersion>
  <createMissingPackageInfoClass default-value="true">${maven.compiler.createMissingPackageInfoClass}</createMissingPackageInfoClass>
  <debug default-value="true">${maven.compiler.debug}</debug>
  <debugFileName default-value="javac"/>
  <debuglevel>${maven.compiler.debuglevel}</debuglevel>
  <enablePreview default-value="false">${maven.compiler.enablePreview}</enablePreview>
  <encoding default-value="${project.build.sourceEncoding}">${encoding}</encoding>
  <executable>${maven.compiler.executable}</executable>
  <failOnError default-value="true">${maven.compiler.failOnError}</failOnError>
  <failOnWarning default-value="false">${maven.compiler.failOnWarning}</failOnWarning>
  <fileExtensions default-value="class,jar"/>
  <forceJavacCompilerUse default-value="false">${maven.compiler.forceJavacCompilerUse}</forceJavacCompilerUse>
  <forceLegacyJavacApi default-value="false">${maven.compiler.forceLegacyJavacApi}</forceLegacyJavacApi>
  <fork default-value="false">${maven.compiler.fork}</fork>
  <generatedSourcesDirectory default-value="${project.build.directory}/generated-sources/annotations"/>
  <implicit>${maven.compiler.implicit}</implicit>
  <maxmem>${maven.compiler.maxmem}</maxmem>
  <meminitial>${maven.compiler.meminitial}</meminitial>
  <mojoExecution default-value="${mojoExecution}"/>
  <optimize default-value="false">${maven.compiler.optimize}</optimize>
  <outputDirectory default-value="${project.build.outputDirectory}">${maven.compiler.outputDirectory}</outputDirectory>
  <outputTimestamp default-value="${project.build.outputTimestamp}"/>
  <parameters default-value="false">${maven.compiler.parameters}</parameters>
  <proc>${maven.compiler.proc}</proc>
  <project default-value="${project}"/>
  <projectArtifact default-value="${project.artifact}"/>
  <release>${maven.compiler.release}</release>
  <session default-value="${session}"/>
  <showCompilationChanges default-value="false">${maven.compiler.showCompilationChanges}</showCompilationChanges>
  <showDeprecation default-value="false">${maven.compiler.showDeprecation}</showDeprecation>
  <showWarnings default-value="true">${maven.compiler.showWarnings}</showWarnings>
  <skipMain>${maven.main.skip}</skipMain>
  <skipMultiThreadWarning default-value="false">${maven.compiler.skipMultiThreadWarning}</skipMultiThreadWarning>
  <source default-value="1.8">${maven.compiler.source}</source>
  <staleMillis default-value="0">${lastModGranularityMs}</staleMillis>
  <target default-value="1.8">${maven.compiler.target}</target>
  <useIncrementalCompilation default-value="true">${maven.compiler.useIncrementalCompilation}</useIncrementalCompilation>
  <verbose default-value="false">${maven.compiler.verbose}</verbose>
</configuration>
[DEBUG] -----------------------------------------------------------------------
[DEBUG] Goal:          org.apache.maven.plugins:maven-resources-plugin:3.3.1:testResources (default-testResources)
[DEBUG] Style:         Regular
[DEBUG] Configuration: <?xml version="1.0" encoding="UTF-8"?>
<configuration>
  <addDefaultExcludes default-value="true"/>
  <buildFilters default-value="${project.build.filters}"/>
  <encoding default-value="${project.build.sourceEncoding}"/>
  <escapeWindowsPaths default-value="true"/>
  <fileNameFiltering default-value="false"/>
  <includeEmptyDirs default-value="false"/>
  <outputDirectory default-value="${project.build.testOutputDirectory}"/>
  <overwrite default-value="false"/>
  <project default-value="${project}"/>
  <resources default-value="${project.testResources}"/>
  <session default-value="${session}"/>
  <skip default-value="false">${maven.test.skip}</skip>
  <supportMultiLineFiltering default-value="false"/>
  <useBuildFilters default-value="true"/>
  <useDefaultDelimiters default-value="true"/>
</configuration>
[DEBUG] -----------------------------------------------------------------------
[DEBUG] Goal:          org.apache.maven.plugins:maven-compiler-plugin:3.13.0:testCompile (default-testCompile)
[DEBUG] Style:         Regular
[DEBUG] Configuration: <?xml version="1.0" encoding="UTF-8"?>
<configuration>
  <annotationProcessorPathsUseDepMgmt default-value="false"/>
  <basedir default-value="${basedir}"/>
  <buildDirectory default-value="${project.build.directory}"/>
  <compileSourceRoots default-value="${project.testCompileSourceRoots}"/>
  <compilerId default-value="javac">${maven.compiler.compilerId}</compilerId>
  <compilerReuseStrategy default-value="${reuseCreated}">${maven.compiler.compilerReuseStrategy}</compilerReuseStrategy>
  <compilerVersion>${maven.compiler.compilerVersion}</compilerVersion>
  <createMissingPackageInfoClass default-value="true">${maven.compiler.createMissingPackageInfoClass}</createMissingPackageInfoClass>
  <debug default-value="true">${maven.compiler.debug}</debug>
  <debugFileName default-value="javac-test"/>
  <debuglevel>${maven.compiler.debuglevel}</debuglevel>
  <enablePreview default-value="false">${maven.compiler.enablePreview}</enablePreview>
  <encoding default-value="${project.build.sourceEncoding}">${encoding}</encoding>
  <executable>${maven.compiler.executable}</executable>
  <failOnError default-value="true">${maven.compiler.failOnError}</failOnError>
  <failOnWarning default-value="false">${maven.compiler.failOnWarning}</failOnWarning>
  <fileExtensions default-value="class,jar"/>
  <forceJavacCompilerUse default-value="false">${maven.compiler.forceJavacCompilerUse}</forceJavacCompilerUse>
  <forceLegacyJavacApi default-value="false">${maven.compiler.forceLegacyJavacApi}</forceLegacyJavacApi>
  <fork default-value="false">${maven.compiler.fork}</fork>
  <generatedTestSourcesDirectory default-value="${project.build.directory}/generated-test-sources/test-annotations"/>
  <implicit>${maven.compiler.implicit}</implicit>
  <maxmem>${maven.compiler.maxmem}</maxmem>
  <meminitial>${maven.compiler.meminitial}</meminitial>
  <mojoExecution default-value="${mojoExecution}"/>
  <optimize default-value="false">${maven.compiler.optimize}</optimize>
  <outputDirectory default-value="${project.build.testOutputDirectory}"/>
  <outputTimestamp default-value="${project.build.outputTimestamp}"/>
  <parameters default-value="false">${maven.compiler.parameters}</parameters>
  <proc>${maven.compiler.proc}</proc>
  <project default-value="${project}"/>
  <release>${maven.compiler.release}</release>
  <session default-value="${session}"/>
  <showCompilationChanges default-value="false">${maven.compiler.showCompilationChanges}</showCompilationChanges>
  <showDeprecation default-value="false">${maven.compiler.showDeprecation}</showDeprecation>
  <showWarnings default-value="true">${maven.compiler.showWarnings}</showWarnings>
  <skip>${maven.test.skip}</skip>
  <skipMultiThreadWarning default-value="false">${maven.compiler.skipMultiThreadWarning}</skipMultiThreadWarning>
  <source default-value="1.8">${maven.compiler.source}</source>
  <staleMillis default-value="0">${lastModGranularityMs}</staleMillis>
  <target default-value="1.8">${maven.compiler.target}</target>
  <testPath default-value="${project.testClasspathElements}"/>
  <testRelease>${maven.compiler.testRelease}</testRelease>
  <testSource>${maven.compiler.testSource}</testSource>
  <testTarget>${maven.compiler.testTarget}</testTarget>
  <useIncrementalCompilation default-value="true">${maven.compiler.useIncrementalCompilation}</useIncrementalCompilation>
  <useModulePath default-value="true"/>
  <verbose default-value="false">${maven.compiler.verbose}</verbose>
</configuration>
[DEBUG] -----------------------------------------------------------------------
[DEBUG] Goal:          org.apache.maven.plugins:maven-surefire-plugin:3.2.5:test (default-test)
[DEBUG] Style:         Regular
[DEBUG] Configuration: <?xml version="1.0" encoding="UTF-8"?>
<configuration>
  <additionalClasspathDependencies>${maven.test.additionalClasspathDependencies}</additionalClasspathDependencies>
  <additionalClasspathElements>${maven.test.additionalClasspath}</additionalClasspathElements>
  <argLine>${argLine}</argLine>
  <basedir default-value="${basedir}"/>
  <childDelegation default-value="false">${childDelegation}</childDelegation>
  <classesDirectory default-value="${project.build.outputDirectory}"/>
  <classpathDependencyExcludes>${maven.test.dependency.excludes}</classpathDependencyExcludes>
  <debugForkedProcess>${maven.surefire.debug}</debugForkedProcess>
  <dependenciesToScan>${dependenciesToScan}</dependenciesToScan>
  <disableXmlReport default-value="false">${disableXmlReport}</disableXmlReport>
  <enableAssertions default-value="true">${enableAssertions}</enableAssertions>
  <enableProcessChecker>${surefire.enableProcessChecker}</enableProcessChecker>
  <encoding default-value="${project.reporting.outputEncoding}">${surefire.encoding}</encoding>
  <excludeJUnit5Engines>${surefire.excludeJUnit5Engines}</excludeJUnit5Engines>
  <excludedEnvironmentVariables>${surefire.excludedEnvironmentVariables}</excludedEnvironmentVariables>
  <excludedGroups>${excludedGroups}</excludedGroups>
  <excludes>${surefire.excludes}</excludes>
  <excludesFile>${surefire.excludesFile}</excludesFile>
  <failIfNoSpecifiedTests default-value="true">${surefire.failIfNoSpecifiedTests}</failIfNoSpecifiedTests>
  <failIfNoTests default-value="false">${failIfNoTests}</failIfNoTests>
  <failOnFlakeCount default-value="0">${surefire.failOnFlakeCount}</failOnFlakeCount>
  <forkCount default-value="1">${forkCount}</forkCount>
  <forkNode>${surefire.forkNode}</forkNode>
  <forkedProcessExitTimeoutInSeconds default-value="30">${surefire.exitTimeout}</forkedProcessExitTimeoutInSeconds>
  <forkedProcessTimeoutInSeconds>${surefire.timeout}</forkedProcessTimeoutInSeconds>
  <groups>${groups}</groups>
  <includeJUnit5Engines>${surefire.includeJUnit5Engines}</includeJUnit5Engines>
  <includes>${surefire.includes}</includes>
  <includesFile>${surefire.includesFile}</includesFile>
  <junitArtifactName default-value="junit:junit">${junitArtifactName}</junitArtifactName>
  <jvm>${jvm}</jvm>
  <objectFactory>${objectFactory}</objectFactory>
  <parallel>${parallel}</parallel>
  <parallelMavenExecution default-value="${session.parallel}"/>
  <parallelOptimized default-value="true">${parallelOptimized}</parallelOptimized>
  <parallelTestsTimeoutForcedInSeconds>${surefire.parallel.forcedTimeout}</parallelTestsTimeoutForcedInSeconds>
  <parallelTestsTimeoutInSeconds>${surefire.parallel.timeout}</parallelTestsTimeoutInSeconds>
  <perCoreThreadCount default-value="true">${perCoreThreadCount}</perCoreThreadCount>
  <pluginArtifactMap>${plugin.artifactMap}</pluginArtifactMap>
  <pluginDescriptor default-value="${plugin}"/>
  <printSummary default-value="true">${surefire.printSummary}</printSummary>
  <project default-value="${project}"/>
  <projectArtifactMap>${project.artifactMap}</projectArtifactMap>
  <projectBuildDirectory default-value="${project.build.directory}"/>
  <redirectTestOutputToFile default-value="false">${maven.test.redirectTestOutputToFile}</redirectTestOutputToFile>
  <reportFormat default-value="brief">${surefire.reportFormat}</reportFormat>
  <reportNameSuffix default-value="">${surefire.reportNameSuffix}</reportNameSuffix>
  <reportsDirectory default-value="${project.build.directory}/surefire-reports"/>
  <rerunFailingTestsCount default-value="0">${surefire.rerunFailingTestsCount}</rerunFailingTestsCount>
  <reuseForks default-value="true">${reuseForks}</reuseForks>
  <runOrder default-value="filesystem">${surefire.runOrder}</runOrder>
  <runOrderRandomSeed>${surefire.runOrder.random.seed}</runOrderRandomSeed>
  <session default-value="${session}"/>
  <shutdown default-value="exit">${surefire.shutdown}</shutdown>
  <skip default-value="false">${maven.test.skip}</skip>
  <skipAfterFailureCount default-value="0">${surefire.skipAfterFailureCount}</skipAfterFailureCount>
  <skipExec>${maven.test.skip.exec}</skipExec>
  <skipTests default-value="false">${skipTests}</skipTests>
  <suiteXmlFiles>${surefire.suiteXmlFiles}</suiteXmlFiles>
  <systemPropertiesFile>${surefire.systemPropertiesFile}</systemPropertiesFile>
  <tempDir default-value="surefire">${tempDir}</tempDir>
  <test>${test}</test>
  <testClassesDirectory default-value="${project.build.testOutputDirectory}"/>
  <testFailureIgnore default-value="false">${maven.test.failure.ignore}</testFailureIgnore>
  <testNGArtifactName default-value="org.testng:testng">${testNGArtifactName}</testNGArtifactName>
  <testSourceDirectory default-value="${project.build.testSourceDirectory}"/>
  <threadCount>${threadCount}</threadCount>
  <threadCountClasses default-value="0">${threadCountClasses}</threadCountClasses>
  <threadCountMethods default-value="0">${threadCountMethods}</threadCountMethods>
  <threadCountSuites default-value="0">${threadCountSuites}</threadCountSuites>
  <trimStackTrace default-value="false">${trimStackTrace}</trimStackTrace>
  <useFile default-value="true">${surefire.useFile}</useFile>
  <useManifestOnlyJar default-value="true">${surefire.useManifestOnlyJar}</useManifestOnlyJar>
  <useModulePath default-value="true">${surefire.useModulePath}</useModulePath>
  <useSystemClassLoader default-value="true">${surefire.useSystemClassLoader}</useSystemClassLoader>
  <useUnlimitedThreads default-value="false">${useUnlimitedThreads}</useUnlimitedThreads>
  <workingDirectory>${basedir}</workingDirectory>
</configuration>
[DEBUG] =======================================================================
[DEBUG] Dependency collection stats {ConflictMarker.analyzeTime=896500, ConflictMarker.markTime=110500, ConflictMarker.nodeCount=30, ConflictIdSorter.graphTime=582000, ConflictIdSorter.topsortTime=797700, ConflictIdSorter.conflictIdCount=17, ConflictIdSorter.conflictIdCycleCount=4, ConflictResolver.totalTime=5946600, ConflictResolver.conflictItemCount=22, DfDependencyCollector.collectTime=110896000, DfDependencyCollector.transformTime=10918400}
[DEBUG] com.grupo_1:demo:jar:1.0-SNAPSHOT
[DEBUG]    org.junit.jupiter:junit-jupiter-api:jar:6.1.0-M1:test
[DEBUG]       org.opentest4j:opentest4j:jar:1.3.0:test
[DEBUG]       org.junit.platform:junit-platform-commons:jar:6.1.0-M1:test
[DEBUG]       org.apiguardian:apiguardian-api:jar:1.1.2:test
[DEBUG]       org.jspecify:jspecify:jar:1.0.0:test
[DEBUG]    org.mockito:mockito-core:jar:5.14.2:test
[DEBUG]       net.bytebuddy:byte-buddy:jar:1.15.4:test
[DEBUG]       net.bytebuddy:byte-buddy-agent:jar:1.15.4:test
[DEBUG]       org.objenesis:objenesis:jar:3.3:test
[DEBUG]    org.openjfx:javafx-controls:jar:25.0.2:compile
[DEBUG]       org.openjfx:javafx-controls:jar:win:25.0.2:compile
[DEBUG]    org.openjfx:javafx-graphics:jar:25.0.2:compile
[DEBUG]       org.openjfx:javafx-graphics:jar:win:25.0.2:compile
[DEBUG]    org.openjfx:javafx-base:jar:25.0.2:compile
[DEBUG]       org.openjfx:javafx-base:jar:win:25.0.2:compile
[DEBUG]    org.openjfx:javafx-fxml:jar:25.0.2:compile
[DEBUG]       org.openjfx:javafx-fxml:jar:win:25.0.2:compile
[INFO] 
[INFO] --- resources:3.3.1:resources (default-resources) @ demo ---
[DEBUG] Dependency collection stats {ConflictMarker.analyzeTime=59200, ConflictMarker.markTime=47000, ConflictMarker.nodeCount=13, ConflictIdSorter.graphTime=14200, ConflictIdSorter.topsortTime=14300, ConflictIdSorter.conflictIdCount=9, ConflictIdSorter.conflictIdCycleCount=0, ConflictResolver.totalTime=734800, ConflictResolver.conflictItemCount=13, DfDependencyCollector.collectTime=76979300, DfDependencyCollector.transformTime=902600}
[DEBUG] org.apache.maven.plugins:maven-resources-plugin:jar:3.3.1
[DEBUG]    org.codehaus.plexus:plexus-interpolation:jar:1.26:runtime
[DEBUG]    org.codehaus.plexus:plexus-utils:jar:3.5.1:compile
[DEBUG]    org.apache.maven.shared:maven-filtering:jar:3.3.1:compile
[DEBUG]       javax.inject:javax.inject:jar:1:compile
[DEBUG]       org.slf4j:slf4j-api:jar:1.7.36:compile
[DEBUG]       org.sonatype.plexus:plexus-build-api:jar:0.0.7:compile
[DEBUG]    commons-io:commons-io:jar:2.11.0:compile
[DEBUG]    org.apache.commons:commons-lang3:jar:3.12.0:compile
[DEBUG] Created new class realm plugin>org.apache.maven.plugins:maven-resources-plugin:3.3.1
[DEBUG] Importing foreign packages into class realm plugin>org.apache.maven.plugins:maven-resources-plugin:3.3.1
[DEBUG]   Imported:  < maven.api
[DEBUG] Populating class realm plugin>org.apache.maven.plugins:maven-resources-plugin:3.3.1
[DEBUG]   Included: org.apache.maven.plugins:maven-resources-plugin:jar:3.3.1
[DEBUG]   Included: org.codehaus.plexus:plexus-interpolation:jar:1.26
[DEBUG]   Included: org.codehaus.plexus:plexus-utils:jar:3.5.1
[DEBUG]   Included: org.apache.maven.shared:maven-filtering:jar:3.3.1
[DEBUG]   Included: org.sonatype.plexus:plexus-build-api:jar:0.0.7
[DEBUG]   Included: commons-io:commons-io:jar:2.11.0
[DEBUG]   Included: org.apache.commons:commons-lang3:jar:3.12.0
[DEBUG] Loading mojo org.apache.maven.plugins:maven-resources-plugin:3.3.1:resources from plugin realm ClassRealm[plugin>org.apache.maven.plugins:maven-resources-plugin:3.3.1, parent: jdk.internal.loader.ClassLoaders$AppClassLoader@105be200]
[DEBUG] Configuring mojo execution 'org.apache.maven.plugins:maven-resources-plugin:3.3.1:resources:default-resources' with basic configurator -->
[DEBUG]   (f) addDefaultExcludes = true
[DEBUG]   (f) buildFilters = []
[DEBUG]   (f) escapeWindowsPaths = true
[DEBUG]   (f) fileNameFiltering = false
[DEBUG]   (s) includeEmptyDirs = false
[DEBUG]   (s) outputDirectory = C:\Users\jaime\Desktop\Apuntes\PSP\practica_ut3_grupo1\target\classes
[DEBUG]   (s) overwrite = false
[DEBUG]   (f) project = MavenProject: com.grupo_1:demo:1.0-SNAPSHOT @ C:\Users\jaime\Desktop\Apuntes\PSP\practica_ut3_grupo1\pom.xml
[DEBUG]   (s) resources = [Resource {targetPath: null, filtering: false, FileSet {directory: C:\Users\jaime\Desktop\Apuntes\PSP\practica_ut3_grupo1\src\main\resources, PatternSet [includes: {}, excludes: {}]}}]
[DEBUG]   (f) session = org.apache.maven.execution.MavenSession@7173ae5b
[DEBUG]   (f) skip = false
[DEBUG]   (f) supportMultiLineFiltering = false
[DEBUG]   (f) useBuildFilters = true
[DEBUG]   (s) useDefaultDelimiters = true
[DEBUG] -- end configuration --
[DEBUG] properties used:
[DEBUG] classworlds.conf: C:\Users\jaime\.m2\wrapper\dists\apache-maven-3.9.9\8e74001100ff70d6af083c5511fcc5ec49282d7017cde82c3698eee8fdf86698\bin\m2.conf
[DEBUG] env.=C:: C:\Users\jaime\Desktop\Apuntes\PSP\practica_ut3_grupo1
[DEBUG] env.ALLUSERSPROFILE: C:\ProgramData
[DEBUG] env.ANTIGRAVITY_AGENT: 1
[DEBUG] env.ANTIGRAVITY_CLI_ALIAS: agy
[DEBUG] env.APPDATA: C:\Users\jaime\AppData\Roaming
[DEBUG] env.CHROME_CRASHPAD_PIPE_NAME: \\.\pipe\crashpad_6152_DXJGIUPESMIAQGNT
[DEBUG] env.CLASSWORLDS_JAR: "C:\Users\jaime\.m2\wrapper\dists\apache-maven-3.9.9\8e74001100ff70d6af083c5511fcc5ec49282d7017cde82c3698eee8fdf86698\boot\plexus-classworlds-2.8.0.jar"
[DEBUG] env.CLASSWORLDS_LAUNCHER: org.codehaus.plexus.classworlds.launcher.Launcher
[DEBUG] env.COLORTERM: truecolor
[DEBUG] env.COMMONPROGRAMFILES: C:\Program Files\Common Files
[DEBUG] env.COMMONPROGRAMFILES(X86): C:\Program Files (x86)\Common Files
[DEBUG] env.COMMONPROGRAMW6432: C:\Program Files\Common Files
[DEBUG] env.COMPUTERNAME: JACAS
[DEBUG] env.COMSPEC: C:\WINDOWS\system32\cmd.exe
[DEBUG] env.DRIVERDATA: C:\Windows\System32\Drivers\DriverData
[DEBUG] env.EFC_14200_1592913036: 1
[DEBUG] env.ERROR_CODE: 0
[DEBUG] env.EXEC_DIR: C:\Users\jaime\Desktop\Apuntes\PSP\practica_ut3_grupo1
[DEBUG] env.GEMINI_API_KEY: AIzaSyCgozIxj7vuKDBz-_ML4falKrv_sTY0-Zg
[DEBUG] env.GIT_ASKPASS: c:\Users\jaime\AppData\Local\Programs\Antigravity\resources\app\extensions\git\dist\askpass.sh
[DEBUG] env.HOMEDRIVE: C:
[DEBUG] env.HOMEPATH: \Users\jaime
[DEBUG] env.IGCCSVC_DB: AQAAANCMnd8BFdERjHoAwE/Cl+sBAAAAHnXqyp4VPUuMRApGR2imdwQAAAACAAAAAAAQZgAAAAEAACAAAAA+odxV739lqrJYzBxhtGxo8PXXP6uAsgj5B8IP7+EmpwAAAAAOgAAAAAIAACAAAACrdluK77pC2ax85N59niqT9buLIOgknGxBSkKRwm2eL2AAAAAmwURrjs01JWO4H6WysiN2ASkZJ7a80Ojoi9nKFT9l8CcNchNg2tXmTwkXbRSLOozPF1Lp08DEtEiYmSDvJ9UUuCxOJc+2EqTC5flKWwsUCx/CKFN2TIi2JCk2yCpLA2dAAAAAeUONUrCmiSjBYaMvAaCzUhAPmmCQdRoIclIWbHDG9BY1sTztZKyc5Q6RuVKiZHOYmqMDsvudBvVVWgD4jeDFYA==
[DEBUG] env.JAVACMD: C:\Program Files\Java\jdk-25\bin\java.exe
[DEBUG] env.JAVA_HOME: C:\Program Files\Java\jdk-25
[DEBUG] env.JVMCONFIG: \.mvn\jvm.config
[DEBUG] env.LANG: en_US.UTF-8
[DEBUG] env.LOCALAPPDATA: C:\Users\jaime\AppData\Local
[DEBUG] env.LOGONSERVER: \\JACAS
[DEBUG] env.MAVEN_CMD_LINE_ARGS: test -Dtest=JuegoLogicTest -X
[DEBUG] env.MAVEN_HOME: C:\Users\jaime\.m2\wrapper\dists\apache-maven-3.9.9\8e74001100ff70d6af083c5511fcc5ec49282d7017cde82c3698eee8fdf86698
[DEBUG] env.MAVEN_PROJECTBASEDIR: C:\Users\jaime\Desktop\Apuntes\PSP\practica_ut3_grupo1
[DEBUG] env.NUMBER_OF_PROCESSORS: 16
[DEBUG] env.ONEDRIVE: C:\Users\jaime\OneDrive
[DEBUG] env.ONEDRIVECONSUMER: C:\Users\jaime\OneDrive
[DEBUG] env.ORIGINAL_XDG_CURRENT_DESKTOP: undefined
[DEBUG] env.OS: Windows_NT
[DEBUG] env.PAGER: cat
[DEBUG] env.PATH: C:\Program Files\Common Files\Oracle\Java\javapath;C:\Program Files\Microsoft\jdk-21.0.8.9-hotspot\bin;C:\WINDOWS\system32;C:\WINDOWS;C:\WINDOWS\System32\Wbem;C:\WINDOWS\System32\WindowsPowerShell\v1.0\;C:\WINDOWS\System32\OpenSSH\;C:\Program Files\nodejs\;C:\Program Files\GitHub CLI\;C:\Program Files\Git\cmd;C:\Program Files\Docker\Docker\resources\bin;C:\Program Files\Autofirma\Autofirma;C:\Users\jaime\AppData\Local\Microsoft\WindowsApps;C:\Users\jaime\AppData\Local\Programs\Microsoft VS Code\bin;C:\Users\jaime\AppData\Roaming\npm;C:\Users\jaime\AppData\Local\JetBrains\Toolbox\scripts;C:\Users\jaime\AppData\Local\Programs\Antigravity\bin;c:\Users\jaime\.antigravity\extensions\vscjava.vscode-java-debug-0.58.5-universal\bundled\scripts\noConfigScripts
[DEBUG] env.PATHEXT: .COM;.EXE;.BAT;.CMD;.VBS;.VBE;.JS;.JSE;.WSF;.WSH;.MSC;.CPL
[DEBUG] env.PROCESSOR_ARCHITECTURE: AMD64
[DEBUG] env.PROCESSOR_IDENTIFIER: Intel64 Family 6 Model 186 Stepping 2, GenuineIntel
[DEBUG] env.PROCESSOR_LEVEL: 6
[DEBUG] env.PROCESSOR_REVISION: ba02
[DEBUG] env.PROGRAMDATA: C:\ProgramData
[DEBUG] env.PROGRAMFILES: C:\Program Files
[DEBUG] env.PROGRAMFILES(X86): C:\Program Files (x86)
[DEBUG] env.PROGRAMW6432: C:\Program Files
[DEBUG] env.PROMPT: $P$G
[DEBUG] env.PSMODULEPATH: C:\Users\jaime\Documents\WindowsPowerShell\Modules;C:\Program Files\WindowsPowerShell\Modules;C:\WINDOWS\system32\WindowsPowerShell\v1.0\Modules
[DEBUG] env.PUBLIC: C:\Users\Public
[DEBUG] env.SESSIONNAME: Console
[DEBUG] env.SYSTEMDRIVE: C:
[DEBUG] env.SYSTEMROOT: C:\WINDOWS
[DEBUG] env.TEMP: C:\Users\jaime\AppData\Local\Temp
[DEBUG] env.TERM_PROGRAM: vscode
[DEBUG] env.TERM_PROGRAM_VERSION: 1.104.0
[DEBUG] env.TMP: C:\Users\jaime\AppData\Local\Temp
[DEBUG] env.USERDOMAIN: JACAS
[DEBUG] env.USERDOMAIN_ROAMINGPROFILE: JACAS
[DEBUG] env.USERNAME: jaime
[DEBUG] env.USERPROFILE: C:\Users\jaime
[DEBUG] env.VSCODE_GIT_ASKPASS_EXTRA_ARGS: 
[DEBUG] env.VSCODE_GIT_ASKPASS_MAIN: c:\Users\jaime\AppData\Local\Programs\Antigravity\resources\app\extensions\git\dist\askpass-main.js
[DEBUG] env.VSCODE_GIT_ASKPASS_NODE: C:\Users\jaime\AppData\Local\Programs\Antigravity\Antigravity.exe
[DEBUG] env.VSCODE_GIT_IPC_HANDLE: \\.\pipe\vscode-git-14af41f26a-sock
[DEBUG] env.VSCODE_INJECTION: 1
[DEBUG] env.VSCODE_JAVA_EXEC: C:\Program Files\Java\jdk-25\bin\java
[DEBUG] env.VSCODE_JDWP_ADAPTER_ENDPOINTS: c:\Users\jaime\.antigravity\extensions\vscjava.vscode-java-debug-0.58.5-universal\.noConfigDebugAdapterEndpoints\endpoint-048e4b69e651f8b3.txt
[DEBUG] env.VSCODE_PYTHON_AUTOACTIVATE_GUARD: 1
[DEBUG] env.WDIR: C:\Users\jaime\Desktop\Apuntes\PSP\practica_ut3_grupo1
[DEBUG] env.WINDIR: C:\WINDOWS
[DEBUG] env.ZES_ENABLE_SYSMAN: 1
[DEBUG] env.__MVNW_CMD__: C:\Users\jaime/.m2/wrapper/dists/apache-maven-3.9.9/8e74001100ff70d6af083c5511fcc5ec49282d7017cde82c3698eee8fdf86698/bin/mvn.cmd
[DEBUG] file.encoding: UTF-8
[DEBUG] file.separator: \
[DEBUG] java.class.path: C:\Users\jaime\.m2\wrapper\dists\apache-maven-3.9.9\8e74001100ff70d6af083c5511fcc5ec49282d7017cde82c3698eee8fdf86698\boot\plexus-classworlds-2.8.0.jar
[DEBUG] java.class.version: 69.0
[DEBUG] java.home: C:\Program Files\Java\jdk-25
[DEBUG] java.io.tmpdir: C:\Users\jaime\AppData\Local\Temp\
[DEBUG] java.library.path: C:\Program Files\Java\jdk-25\bin;C:\WINDOWS\Sun\Java\bin;C:\WINDOWS\system32;C:\WINDOWS;C:\Program Files\Common Files\Oracle\Java\javapath;C:\Program Files\Microsoft\jdk-21.0.8.9-hotspot\bin;C:\WINDOWS\system32;C:\WINDOWS;C:\WINDOWS\System32\Wbem;C:\WINDOWS\System32\WindowsPowerShell\v1.0\;C:\WINDOWS\System32\OpenSSH\;C:\Program Files\nodejs\;C:\Program Files\GitHub CLI\;C:\Program Files\Git\cmd;C:\Program Files\Docker\Docker\resources\bin;C:\Program Files\Autofirma\Autofirma;C:\Users\jaime\AppData\Local\Microsoft\WindowsApps;C:\Users\jaime\AppData\Local\Programs\Microsoft VS Code\bin;C:\Users\jaime\AppData\Roaming\npm;C:\Users\jaime\AppData\Local\JetBrains\Toolbox\scripts;C:\Users\jaime\AppData\Local\Programs\Antigravity\bin;c:\Users\jaime\.antigravity\extensions\vscjava.vscode-java-debug-0.58.5-universal\bundled\scripts\noConfigScripts;.
[DEBUG] java.runtime.name: Java(TM) SE Runtime Environment
[DEBUG] java.runtime.version: 25.0.1+8-LTS-27
[DEBUG] java.specification.name: Java Platform API Specification
[DEBUG] java.specification.vendor: Oracle Corporation
[DEBUG] java.specification.version: 25
[DEBUG] java.vendor: Oracle Corporation
[DEBUG] java.vendor.url: https://java.oracle.com/
[DEBUG] java.vendor.url.bug: https://bugreport.java.com/bugreport/
[DEBUG] java.version: 25.0.1
[DEBUG] java.version.date: 2025-10-21
[DEBUG] java.vm.compressedOopsMode: Zero based
[DEBUG] java.vm.info: mixed mode, sharing
[DEBUG] java.vm.name: Java HotSpot(TM) 64-Bit Server VM
[DEBUG] java.vm.specification.name: Java Virtual Machine Specification
[DEBUG] java.vm.specification.vendor: Oracle Corporation
[DEBUG] java.vm.specification.version: 25
[DEBUG] java.vm.vendor: Oracle Corporation
[DEBUG] java.vm.version: 25.0.1+8-LTS-27
[DEBUG] jdk.debug: release
[DEBUG] library.jansi.path: C:\Users\jaime\.m2\wrapper\dists\apache-maven-3.9.9\8e74001100ff70d6af083c5511fcc5ec49282d7017cde82c3698eee8fdf86698\lib\jansi-native
[DEBUG] line.separator: 

[DEBUG] maven.build.timestamp: 2026-01-27T11:53:50Z
[DEBUG] maven.build.version: Apache Maven 3.9.9 (8e8579a9e76f7d015ee5ec7bfcdc97d260186937)
[DEBUG] maven.compiler.source: 25
[DEBUG] maven.compiler.target: 25
[DEBUG] maven.conf: C:\Users\jaime\.m2\wrapper\dists\apache-maven-3.9.9\8e74001100ff70d6af083c5511fcc5ec49282d7017cde82c3698eee8fdf86698/conf
[DEBUG] maven.home: C:\Users\jaime\.m2\wrapper\dists\apache-maven-3.9.9\8e74001100ff70d6af083c5511fcc5ec49282d7017cde82c3698eee8fdf86698
[DEBUG] maven.multiModuleProjectDirectory: C:\Users\jaime\Desktop\Apuntes\PSP\practica_ut3_grupo1
[DEBUG] maven.version: 3.9.9
[DEBUG] native.encoding: Cp1252
[DEBUG] os.arch: amd64
[DEBUG] os.name: Windows 11
[DEBUG] os.version: 10.0
[DEBUG] path.separator: ;
[DEBUG] project.baseUri: file:/C:/Users/jaime/Desktop/Apuntes/PSP/practica_ut3_grupo1/
[DEBUG] stderr.encoding: Cp1252
[DEBUG] stdin.encoding: cp850
[DEBUG] stdout.encoding: Cp1252
[DEBUG] sun.arch.data.model: 64
[DEBUG] sun.boot.library.path: C:\Program Files\Java\jdk-25\bin
[DEBUG] sun.cpu.endian: little
[DEBUG] sun.cpu.isalist: amd64
[DEBUG] sun.io.unicode.encoding: UnicodeLittle
[DEBUG] sun.java.command: org.codehaus.plexus.classworlds.launcher.Launcher test -Dtest=JuegoLogicTest -X
[DEBUG] sun.java.launcher: SUN_STANDARD
[DEBUG] sun.jnu.encoding: Cp1252
[DEBUG] sun.management.compiler: HotSpot 64-Bit Tiered Compilers
[DEBUG] sun.os.patch.level: 
[DEBUG] test: JuegoLogicTest
[DEBUG] user.country: ES
[DEBUG] user.dir: C:\Users\jaime\Desktop\Apuntes\PSP\practica_ut3_grupo1
[DEBUG] user.home: C:\Users\jaime
[DEBUG] user.language: es
[DEBUG] user.name: jaime
[DEBUG] user.script: 
[DEBUG] user.variant: 
[WARNING] Using platform encoding (UTF-8 actually) to copy filtered resources, i.e. build is platform dependent!
[DEBUG] Using 'null' encoding to copy filtered properties files.
[DEBUG] resource with targetPath null
directory C:\Users\jaime\Desktop\Apuntes\PSP\practica_ut3_grupo1\src\main\resources
excludes []
includes []
[DEBUG] ignoreDelta true
[INFO] Copying 4 resources from src\main\resources to target\classes
[DEBUG] Copying file cara.png
[DEBUG] file cara.png has a non filtered file extension
[DEBUG] Using 'null' encoding to copy filtered resource 'cara.png'.
[DEBUG] copy C:\Users\jaime\Desktop\Apuntes\PSP\practica_ut3_grupo1\src\main\resources\cara.png to C:\Users\jaime\Desktop\Apuntes\PSP\practica_ut3_grupo1\target\classes\cara.png
[DEBUG] Copying file cruz.png
[DEBUG] file cruz.png has a non filtered file extension
[DEBUG] Using 'null' encoding to copy filtered resource 'cruz.png'.
[DEBUG] copy C:\Users\jaime\Desktop\Apuntes\PSP\practica_ut3_grupo1\src\main\resources\cruz.png to C:\Users\jaime\Desktop\Apuntes\PSP\practica_ut3_grupo1\target\classes\cruz.png
[DEBUG] Copying file Interfaz.FXML
[DEBUG] file Interfaz.FXML has a filtered file extension
[DEBUG] Using 'null' encoding to copy filtered resource 'Interfaz.FXML'.
[DEBUG] copy C:\Users\jaime\Desktop\Apuntes\PSP\practica_ut3_grupo1\src\main\resources\Interfaz.FXML to C:\Users\jaime\Desktop\Apuntes\PSP\practica_ut3_grupo1\target\classes\Interfaz.FXML
[DEBUG] Copying file Stylesheet.css
[DEBUG] file Stylesheet.css has a filtered file extension
[DEBUG] Using 'null' encoding to copy filtered resource 'Stylesheet.css'.
[DEBUG] copy C:\Users\jaime\Desktop\Apuntes\PSP\practica_ut3_grupo1\src\main\resources\Stylesheet.css to C:\Users\jaime\Desktop\Apuntes\PSP\practica_ut3_grupo1\target\classes\Stylesheet.css
[DEBUG] no user filter components
[INFO] 
[INFO] --- compiler:3.13.0:compile (default-compile) @ demo ---
[DEBUG] Using mirror maven-default-http-blocker (http://0.0.0.0/) for apache.snapshots (http://repository.apache.org/snapshots).
[DEBUG] Dependency collection stats {ConflictMarker.analyzeTime=96000, ConflictMarker.markTime=96700, ConflictMarker.nodeCount=22, ConflictIdSorter.graphTime=31900, ConflictIdSorter.topsortTime=26700, ConflictIdSorter.conflictIdCount=14, ConflictIdSorter.conflictIdCycleCount=0, ConflictResolver.totalTime=1249200, ConflictResolver.conflictItemCount=22, DfDependencyCollector.collectTime=93252900, DfDependencyCollector.transformTime=1525400}
[DEBUG] org.apache.maven.plugins:maven-compiler-plugin:jar:3.13.0
[DEBUG]    org.apache.maven.shared:maven-shared-utils:jar:3.4.2:compile
[DEBUG]       org.slf4j:slf4j-api:jar:1.7.36:compile
[DEBUG]       commons-io:commons-io:jar:2.11.0:compile
[DEBUG]    org.apache.maven.shared:maven-shared-incremental:jar:1.1:compile
[DEBUG]    org.codehaus.plexus:plexus-java:jar:1.2.0:compile
[DEBUG]       org.ow2.asm:asm:jar:9.6:compile
[DEBUG]       com.thoughtworks.qdox:qdox:jar:2.0.3:compile
[DEBUG]    org.codehaus.plexus:plexus-compiler-api:jar:2.15.0:compile
[DEBUG]    org.codehaus.plexus:plexus-compiler-manager:jar:2.15.0:compile
[DEBUG]       javax.inject:javax.inject:jar:1:compile
[DEBUG]       org.codehaus.plexus:plexus-xml:jar:3.0.0:compile (version managed from default)
[DEBUG]    org.codehaus.plexus:plexus-compiler-javac:jar:2.15.0:runtime
[DEBUG]    org.codehaus.plexus:plexus-utils:jar:4.0.0:compile
[DEBUG] Created new class realm plugin>org.apache.maven.plugins:maven-compiler-plugin:3.13.0
[DEBUG] Importing foreign packages into class realm plugin>org.apache.maven.plugins:maven-compiler-plugin:3.13.0
[DEBUG]   Imported:  < maven.api
[DEBUG] Populating class realm plugin>org.apache.maven.plugins:maven-compiler-plugin:3.13.0
[DEBUG]   Included: org.apache.maven.plugins:maven-compiler-plugin:jar:3.13.0
[DEBUG]   Included: org.apache.maven.shared:maven-shared-utils:jar:3.4.2
[DEBUG]   Included: commons-io:commons-io:jar:2.11.0
[DEBUG]   Included: org.apache.maven.shared:maven-shared-incremental:jar:1.1
[DEBUG]   Included: org.codehaus.plexus:plexus-java:jar:1.2.0
[DEBUG]   Included: org.ow2.asm:asm:jar:9.6
[DEBUG]   Included: com.thoughtworks.qdox:qdox:jar:2.0.3
[DEBUG]   Included: org.codehaus.plexus:plexus-compiler-api:jar:2.15.0
[DEBUG]   Included: org.codehaus.plexus:plexus-compiler-manager:jar:2.15.0
[DEBUG]   Included: org.codehaus.plexus:plexus-xml:jar:3.0.0
[DEBUG]   Included: org.codehaus.plexus:plexus-compiler-javac:jar:2.15.0
[DEBUG]   Included: org.codehaus.plexus:plexus-utils:jar:4.0.0
[DEBUG] Loading mojo org.apache.maven.plugins:maven-compiler-plugin:3.13.0:compile from plugin realm ClassRealm[plugin>org.apache.maven.plugins:maven-compiler-plugin:3.13.0, parent: jdk.internal.loader.ClassLoaders$AppClassLoader@105be200]
[DEBUG] Configuring mojo execution 'org.apache.maven.plugins:maven-compiler-plugin:3.13.0:compile:default-compile' with basic configurator -->
[DEBUG]   (f) annotationProcessorPathsUseDepMgmt = false
[DEBUG]   (f) basedir = C:\Users\jaime\Desktop\Apuntes\PSP\practica_ut3_grupo1
[DEBUG]   (f) buildDirectory = C:\Users\jaime\Desktop\Apuntes\PSP\practica_ut3_grupo1\target
[DEBUG]   (f) compilePath = [C:\Users\jaime\Desktop\Apuntes\PSP\practica_ut3_grupo1\target\classes, C:\Users\jaime\.m2\repository\org\openjfx\javafx-controls\25.0.2\javafx-controls-25.0.2.jar, C:\Users\jaime\.m2\repository\org\openjfx\javafx-controls\25.0.2\javafx-controls-25.0.2-win.jar, C:\Users\jaime\.m2\repository\org\openjfx\javafx-graphics\25.0.2\javafx-graphics-25.0.2.jar, C:\Users\jaime\.m2\repository\org\openjfx\javafx-graphics\25.0.2\javafx-graphics-25.0.2-win.jar, C:\Users\jaime\.m2\repository\org\openjfx\javafx-base\25.0.2\javafx-base-25.0.2.jar, C:\Users\jaime\.m2\repository\org\openjfx\javafx-base\25.0.2\javafx-base-25.0.2-win.jar, C:\Users\jaime\.m2\repository\org\openjfx\javafx-fxml\25.0.2\javafx-fxml-25.0.2.jar, C:\Users\jaime\.m2\repository\org\openjfx\javafx-fxml\25.0.2\javafx-fxml-25.0.2-win.jar]
[DEBUG]   (f) compileSourceRoots = [C:\Users\jaime\Desktop\Apuntes\PSP\practica_ut3_grupo1\src\main\java]
[DEBUG]   (f) compilerId = javac
[DEBUG]   (f) createMissingPackageInfoClass = true
[DEBUG]   (f) debug = true
[DEBUG]   (f) debugFileName = javac
[DEBUG]   (f) enablePreview = false
[DEBUG]   (f) failOnError = true
[DEBUG]   (f) failOnWarning = false
[DEBUG]   (f) fileExtensions = [jar, class]
[DEBUG]   (f) forceJavacCompilerUse = false
[DEBUG]   (f) forceLegacyJavacApi = false
[DEBUG]   (f) fork = false
[DEBUG]   (f) generatedSourcesDirectory = C:\Users\jaime\Desktop\Apuntes\PSP\practica_ut3_grupo1\target\generated-sources\annotations
[DEBUG]   (f) mojoExecution = org.apache.maven.plugins:maven-compiler-plugin:3.13.0:compile {execution: default-compile}
[DEBUG]   (f) optimize = false
[DEBUG]   (f) outputDirectory = C:\Users\jaime\Desktop\Apuntes\PSP\practica_ut3_grupo1\target\classes
[DEBUG]   (f) parameters = false
[DEBUG]   (f) project = MavenProject: com.grupo_1:demo:1.0-SNAPSHOT @ C:\Users\jaime\Desktop\Apuntes\PSP\practica_ut3_grupo1\pom.xml
[DEBUG]   (f) projectArtifact = com.grupo_1:demo:jar:1.0-SNAPSHOT
[DEBUG]   (f) session = org.apache.maven.execution.MavenSession@7173ae5b
[DEBUG]   (f) showCompilationChanges = false
[DEBUG]   (f) showDeprecation = false
[DEBUG]   (f) showWarnings = true
[DEBUG]   (f) skipMultiThreadWarning = false
[DEBUG]   (f) source = 25
[DEBUG]   (f) staleMillis = 0
[DEBUG]   (s) target = 25
[DEBUG]   (f) useIncrementalCompilation = true
[DEBUG]   (f) verbose = false
[DEBUG] -- end configuration --
[DEBUG] Using compiler 'javac'.
[DEBUG] Adding C:\Users\jaime\Desktop\Apuntes\PSP\practica_ut3_grupo1\target\generated-sources\annotations to compile source roots:
  C:\Users\jaime\Desktop\Apuntes\PSP\practica_ut3_grupo1\src\main\java
[DEBUG] New compile source roots:
  C:\Users\jaime\Desktop\Apuntes\PSP\practica_ut3_grupo1\src\main\java
  C:\Users\jaime\Desktop\Apuntes\PSP\practica_ut3_grupo1\target\generated-sources\annotations
[DEBUG] CompilerReuseStrategy: reuseCreated
[DEBUG] useIncrementalCompilation enabled
[INFO] Nothing to compile - all classes are up to date.
[INFO] 
[INFO] --- resources:3.3.1:testResources (default-testResources) @ demo ---
[DEBUG] Loading mojo org.apache.maven.plugins:maven-resources-plugin:3.3.1:testResources from plugin realm ClassRealm[plugin>org.apache.maven.plugins:maven-resources-plugin:3.3.1, parent: jdk.internal.loader.ClassLoaders$AppClassLoader@105be200]
[DEBUG] Configuring mojo execution 'org.apache.maven.plugins:maven-resources-plugin:3.3.1:testResources:default-testResources' with basic configurator -->
[DEBUG]   (f) addDefaultExcludes = true
[DEBUG]   (f) buildFilters = []
[DEBUG]   (f) escapeWindowsPaths = true
[DEBUG]   (f) fileNameFiltering = false
[DEBUG]   (s) includeEmptyDirs = false
[DEBUG]   (s) outputDirectory = C:\Users\jaime\Desktop\Apuntes\PSP\practica_ut3_grupo1\target\test-classes
[DEBUG]   (s) overwrite = false
[DEBUG]   (f) project = MavenProject: com.grupo_1:demo:1.0-SNAPSHOT @ C:\Users\jaime\Desktop\Apuntes\PSP\practica_ut3_grupo1\pom.xml
[DEBUG]   (s) resources = [Resource {targetPath: null, filtering: false, FileSet {directory: C:\Users\jaime\Desktop\Apuntes\PSP\practica_ut3_grupo1\src\test\resources, PatternSet [includes: {}, excludes: {}]}}]
[DEBUG]   (f) session = org.apache.maven.execution.MavenSession@7173ae5b
[DEBUG]   (f) skip = false
[DEBUG]   (f) supportMultiLineFiltering = false
[DEBUG]   (f) useBuildFilters = true
[DEBUG]   (s) useDefaultDelimiters = true
[DEBUG] -- end configuration --
[DEBUG] properties used:
[DEBUG] classworlds.conf: C:\Users\jaime\.m2\wrapper\dists\apache-maven-3.9.9\8e74001100ff70d6af083c5511fcc5ec49282d7017cde82c3698eee8fdf86698\bin\m2.conf
[DEBUG] env.=C:: C:\Users\jaime\Desktop\Apuntes\PSP\practica_ut3_grupo1
[DEBUG] env.ALLUSERSPROFILE: C:\ProgramData
[DEBUG] env.ANTIGRAVITY_AGENT: 1
[DEBUG] env.ANTIGRAVITY_CLI_ALIAS: agy
[DEBUG] env.APPDATA: C:\Users\jaime\AppData\Roaming
[DEBUG] env.CHROME_CRASHPAD_PIPE_NAME: \\.\pipe\crashpad_6152_DXJGIUPESMIAQGNT
[DEBUG] env.CLASSWORLDS_JAR: "C:\Users\jaime\.m2\wrapper\dists\apache-maven-3.9.9\8e74001100ff70d6af083c5511fcc5ec49282d7017cde82c3698eee8fdf86698\boot\plexus-classworlds-2.8.0.jar"
[DEBUG] env.CLASSWORLDS_LAUNCHER: org.codehaus.plexus.classworlds.launcher.Launcher
[DEBUG] env.COLORTERM: truecolor
[DEBUG] env.COMMONPROGRAMFILES: C:\Program Files\Common Files
[DEBUG] env.COMMONPROGRAMFILES(X86): C:\Program Files (x86)\Common Files
[DEBUG] env.COMMONPROGRAMW6432: C:\Program Files\Common Files
[DEBUG] env.COMPUTERNAME: JACAS
[DEBUG] env.COMSPEC: C:\WINDOWS\system32\cmd.exe
[DEBUG] env.DRIVERDATA: C:\Windows\System32\Drivers\DriverData
[DEBUG] env.EFC_14200_1592913036: 1
[DEBUG] env.ERROR_CODE: 0
[DEBUG] env.EXEC_DIR: C:\Users\jaime\Desktop\Apuntes\PSP\practica_ut3_grupo1
[DEBUG] env.GEMINI_API_KEY: AIzaSyCgozIxj7vuKDBz-_ML4falKrv_sTY0-Zg
[DEBUG] env.GIT_ASKPASS: c:\Users\jaime\AppData\Local\Programs\Antigravity\resources\app\extensions\git\dist\askpass.sh
[DEBUG] env.HOMEDRIVE: C:
[DEBUG] env.HOMEPATH: \Users\jaime
[DEBUG] env.IGCCSVC_DB: AQAAANCMnd8BFdERjHoAwE/Cl+sBAAAAHnXqyp4VPUuMRApGR2imdwQAAAACAAAAAAAQZgAAAAEAACAAAAA+odxV739lqrJYzBxhtGxo8PXXP6uAsgj5B8IP7+EmpwAAAAAOgAAAAAIAACAAAACrdluK77pC2ax85N59niqT9buLIOgknGxBSkKRwm2eL2AAAAAmwURrjs01JWO4H6WysiN2ASkZJ7a80Ojoi9nKFT9l8CcNchNg2tXmTwkXbRSLOozPF1Lp08DEtEiYmSDvJ9UUuCxOJc+2EqTC5flKWwsUCx/CKFN2TIi2JCk2yCpLA2dAAAAAeUONUrCmiSjBYaMvAaCzUhAPmmCQdRoIclIWbHDG9BY1sTztZKyc5Q6RuVKiZHOYmqMDsvudBvVVWgD4jeDFYA==
[DEBUG] env.JAVACMD: C:\Program Files\Java\jdk-25\bin\java.exe
[DEBUG] env.JAVA_HOME: C:\Program Files\Java\jdk-25
[DEBUG] env.JVMCONFIG: \.mvn\jvm.config
[DEBUG] env.LANG: en_US.UTF-8
[DEBUG] env.LOCALAPPDATA: C:\Users\jaime\AppData\Local
[DEBUG] env.LOGONSERVER: \\JACAS
[DEBUG] env.MAVEN_CMD_LINE_ARGS: test -Dtest=JuegoLogicTest -X
[DEBUG] env.MAVEN_HOME: C:\Users\jaime\.m2\wrapper\dists\apache-maven-3.9.9\8e74001100ff70d6af083c5511fcc5ec49282d7017cde82c3698eee8fdf86698
[DEBUG] env.MAVEN_PROJECTBASEDIR: C:\Users\jaime\Desktop\Apuntes\PSP\practica_ut3_grupo1
[DEBUG] env.NUMBER_OF_PROCESSORS: 16
[DEBUG] env.ONEDRIVE: C:\Users\jaime\OneDrive
[DEBUG] env.ONEDRIVECONSUMER: C:\Users\jaime\OneDrive
[DEBUG] env.ORIGINAL_XDG_CURRENT_DESKTOP: undefined
[DEBUG] env.OS: Windows_NT
[DEBUG] env.PAGER: cat
[DEBUG] env.PATH: C:\Program Files\Common Files\Oracle\Java\javapath;C:\Program Files\Microsoft\jdk-21.0.8.9-hotspot\bin;C:\WINDOWS\system32;C:\WINDOWS;C:\WINDOWS\System32\Wbem;C:\WINDOWS\System32\WindowsPowerShell\v1.0\;C:\WINDOWS\System32\OpenSSH\;C:\Program Files\nodejs\;C:\Program Files\GitHub CLI\;C:\Program Files\Git\cmd;C:\Program Files\Docker\Docker\resources\bin;C:\Program Files\Autofirma\Autofirma;C:\Users\jaime\AppData\Local\Microsoft\WindowsApps;C:\Users\jaime\AppData\Local\Programs\Microsoft VS Code\bin;C:\Users\jaime\AppData\Roaming\npm;C:\Users\jaime\AppData\Local\JetBrains\Toolbox\scripts;C:\Users\jaime\AppData\Local\Programs\Antigravity\bin;c:\Users\jaime\.antigravity\extensions\vscjava.vscode-java-debug-0.58.5-universal\bundled\scripts\noConfigScripts
[DEBUG] env.PATHEXT: .COM;.EXE;.BAT;.CMD;.VBS;.VBE;.JS;.JSE;.WSF;.WSH;.MSC;.CPL
[DEBUG] env.PROCESSOR_ARCHITECTURE: AMD64
[DEBUG] env.PROCESSOR_IDENTIFIER: Intel64 Family 6 Model 186 Stepping 2, GenuineIntel
[DEBUG] env.PROCESSOR_LEVEL: 6
[DEBUG] env.PROCESSOR_REVISION: ba02
[DEBUG] env.PROGRAMDATA: C:\ProgramData
[DEBUG] env.PROGRAMFILES: C:\Program Files
[DEBUG] env.PROGRAMFILES(X86): C:\Program Files (x86)
[DEBUG] env.PROGRAMW6432: C:\Program Files
[DEBUG] env.PROMPT: $P$G
[DEBUG] env.PSMODULEPATH: C:\Users\jaime\Documents\WindowsPowerShell\Modules;C:\Program Files\WindowsPowerShell\Modules;C:\WINDOWS\system32\WindowsPowerShell\v1.0\Modules
[DEBUG] env.PUBLIC: C:\Users\Public
[DEBUG] env.SESSIONNAME: Console
[DEBUG] env.SYSTEMDRIVE: C:
[DEBUG] env.SYSTEMROOT: C:\WINDOWS
[DEBUG] env.TEMP: C:\Users\jaime\AppData\Local\Temp
[DEBUG] env.TERM_PROGRAM: vscode
[DEBUG] env.TERM_PROGRAM_VERSION: 1.104.0
[DEBUG] env.TMP: C:\Users\jaime\AppData\Local\Temp
[DEBUG] env.USERDOMAIN: JACAS
[DEBUG] env.USERDOMAIN_ROAMINGPROFILE: JACAS
[DEBUG] env.USERNAME: jaime
[DEBUG] env.USERPROFILE: C:\Users\jaime
[DEBUG] env.VSCODE_GIT_ASKPASS_EXTRA_ARGS: 
[DEBUG] env.VSCODE_GIT_ASKPASS_MAIN: c:\Users\jaime\AppData\Local\Programs\Antigravity\resources\app\extensions\git\dist\askpass-main.js
[DEBUG] env.VSCODE_GIT_ASKPASS_NODE: C:\Users\jaime\AppData\Local\Programs\Antigravity\Antigravity.exe
[DEBUG] env.VSCODE_GIT_IPC_HANDLE: \\.\pipe\vscode-git-14af41f26a-sock
[DEBUG] env.VSCODE_INJECTION: 1
[DEBUG] env.VSCODE_JAVA_EXEC: C:\Program Files\Java\jdk-25\bin\java
[DEBUG] env.VSCODE_JDWP_ADAPTER_ENDPOINTS: c:\Users\jaime\.antigravity\extensions\vscjava.vscode-java-debug-0.58.5-universal\.noConfigDebugAdapterEndpoints\endpoint-048e4b69e651f8b3.txt
[DEBUG] env.VSCODE_PYTHON_AUTOACTIVATE_GUARD: 1
[DEBUG] env.WDIR: C:\Users\jaime\Desktop\Apuntes\PSP\practica_ut3_grupo1
[DEBUG] env.WINDIR: C:\WINDOWS
[DEBUG] env.ZES_ENABLE_SYSMAN: 1
[DEBUG] env.__MVNW_CMD__: C:\Users\jaime/.m2/wrapper/dists/apache-maven-3.9.9/8e74001100ff70d6af083c5511fcc5ec49282d7017cde82c3698eee8fdf86698/bin/mvn.cmd
[DEBUG] file.encoding: UTF-8
[DEBUG] file.separator: \
[DEBUG] java.class.path: C:\Users\jaime\.m2\wrapper\dists\apache-maven-3.9.9\8e74001100ff70d6af083c5511fcc5ec49282d7017cde82c3698eee8fdf86698\boot\plexus-classworlds-2.8.0.jar
[DEBUG] java.class.version: 69.0
[DEBUG] java.home: C:\Program Files\Java\jdk-25
[DEBUG] java.io.tmpdir: C:\Users\jaime\AppData\Local\Temp\
[DEBUG] java.library.path: C:\Program Files\Java\jdk-25\bin;C:\WINDOWS\Sun\Java\bin;C:\WINDOWS\system32;C:\WINDOWS;C:\Program Files\Common Files\Oracle\Java\javapath;C:\Program Files\Microsoft\jdk-21.0.8.9-hotspot\bin;C:\WINDOWS\system32;C:\WINDOWS;C:\WINDOWS\System32\Wbem;C:\WINDOWS\System32\WindowsPowerShell\v1.0\;C:\WINDOWS\System32\OpenSSH\;C:\Program Files\nodejs\;C:\Program Files\GitHub CLI\;C:\Program Files\Git\cmd;C:\Program Files\Docker\Docker\resources\bin;C:\Program Files\Autofirma\Autofirma;C:\Users\jaime\AppData\Local\Microsoft\WindowsApps;C:\Users\jaime\AppData\Local\Programs\Microsoft VS Code\bin;C:\Users\jaime\AppData\Roaming\npm;C:\Users\jaime\AppData\Local\JetBrains\Toolbox\scripts;C:\Users\jaime\AppData\Local\Programs\Antigravity\bin;c:\Users\jaime\.antigravity\extensions\vscjava.vscode-java-debug-0.58.5-universal\bundled\scripts\noConfigScripts;.
[DEBUG] java.runtime.name: Java(TM) SE Runtime Environment
[DEBUG] java.runtime.version: 25.0.1+8-LTS-27
[DEBUG] java.specification.name: Java Platform API Specification
[DEBUG] java.specification.vendor: Oracle Corporation
[DEBUG] java.specification.version: 25
[DEBUG] java.vendor: Oracle Corporation
[DEBUG] java.vendor.url: https://java.oracle.com/
[DEBUG] java.vendor.url.bug: https://bugreport.java.com/bugreport/
[DEBUG] java.version: 25.0.1
[DEBUG] java.version.date: 2025-10-21
[DEBUG] java.vm.compressedOopsMode: Zero based
[DEBUG] java.vm.info: mixed mode, sharing
[DEBUG] java.vm.name: Java HotSpot(TM) 64-Bit Server VM
[DEBUG] java.vm.specification.name: Java Virtual Machine Specification
[DEBUG] java.vm.specification.vendor: Oracle Corporation
[DEBUG] java.vm.specification.version: 25
[DEBUG] java.vm.vendor: Oracle Corporation
[DEBUG] java.vm.version: 25.0.1+8-LTS-27
[DEBUG] jdk.debug: release
[DEBUG] library.jansi.path: C:\Users\jaime\.m2\wrapper\dists\apache-maven-3.9.9\8e74001100ff70d6af083c5511fcc5ec49282d7017cde82c3698eee8fdf86698\lib\jansi-native
[DEBUG] line.separator: 

[DEBUG] maven.build.timestamp: 2026-01-27T11:53:51Z
[DEBUG] maven.build.version: Apache Maven 3.9.9 (8e8579a9e76f7d015ee5ec7bfcdc97d260186937)
[DEBUG] maven.compiler.source: 25
[DEBUG] maven.compiler.target: 25
[DEBUG] maven.conf: C:\Users\jaime\.m2\wrapper\dists\apache-maven-3.9.9\8e74001100ff70d6af083c5511fcc5ec49282d7017cde82c3698eee8fdf86698/conf
[DEBUG] maven.home: C:\Users\jaime\.m2\wrapper\dists\apache-maven-3.9.9\8e74001100ff70d6af083c5511fcc5ec49282d7017cde82c3698eee8fdf86698
[DEBUG] maven.multiModuleProjectDirectory: C:\Users\jaime\Desktop\Apuntes\PSP\practica_ut3_grupo1
[DEBUG] maven.version: 3.9.9
[DEBUG] native.encoding: Cp1252
[DEBUG] os.arch: amd64
[DEBUG] os.name: Windows 11
[DEBUG] os.version: 10.0
[DEBUG] path.separator: ;
[DEBUG] project.baseUri: file:/C:/Users/jaime/Desktop/Apuntes/PSP/practica_ut3_grupo1/
[DEBUG] stderr.encoding: Cp1252
[DEBUG] stdin.encoding: cp850
[DEBUG] stdout.encoding: Cp1252
[DEBUG] sun.arch.data.model: 64
[DEBUG] sun.boot.library.path: C:\Program Files\Java\jdk-25\bin
[DEBUG] sun.cpu.endian: little
[DEBUG] sun.cpu.isalist: amd64
[DEBUG] sun.io.unicode.encoding: UnicodeLittle
[DEBUG] sun.java.command: org.codehaus.plexus.classworlds.launcher.Launcher test -Dtest=JuegoLogicTest -X
[DEBUG] sun.java.launcher: SUN_STANDARD
[DEBUG] sun.jnu.encoding: Cp1252
[DEBUG] sun.management.compiler: HotSpot 64-Bit Tiered Compilers
[DEBUG] sun.os.patch.level: 
[DEBUG] test: JuegoLogicTest
[DEBUG] user.country: ES
[DEBUG] user.dir: C:\Users\jaime\Desktop\Apuntes\PSP\practica_ut3_grupo1
[DEBUG] user.home: C:\Users\jaime
[DEBUG] user.language: es
[DEBUG] user.name: jaime
[DEBUG] user.script: 
[DEBUG] user.variant: 
[WARNING] Using platform encoding (UTF-8 actually) to copy filtered resources, i.e. build is platform dependent!
[DEBUG] Using 'null' encoding to copy filtered properties files.
[DEBUG] resource with targetPath null
directory C:\Users\jaime\Desktop\Apuntes\PSP\practica_ut3_grupo1\src\test\resources
excludes []
includes []
[INFO] skip non existing resourceDirectory C:\Users\jaime\Desktop\Apuntes\PSP\practica_ut3_grupo1\src\test\resources
[DEBUG] no user filter components
[INFO] 
[INFO] --- compiler:3.13.0:testCompile (default-testCompile) @ demo ---
[DEBUG] Loading mojo org.apache.maven.plugins:maven-compiler-plugin:3.13.0:testCompile from plugin realm ClassRealm[plugin>org.apache.maven.plugins:maven-compiler-plugin:3.13.0, parent: jdk.internal.loader.ClassLoaders$AppClassLoader@105be200]
[DEBUG] Configuring mojo execution 'org.apache.maven.plugins:maven-compiler-plugin:3.13.0:testCompile:default-testCompile' with basic configurator -->
[DEBUG]   (f) annotationProcessorPathsUseDepMgmt = false
[DEBUG]   (f) basedir = C:\Users\jaime\Desktop\Apuntes\PSP\practica_ut3_grupo1
[DEBUG]   (f) buildDirectory = C:\Users\jaime\Desktop\Apuntes\PSP\practica_ut3_grupo1\target
[DEBUG]   (f) compileSourceRoots = [C:\Users\jaime\Desktop\Apuntes\PSP\practica_ut3_grupo1\src\test\java]
[DEBUG]   (f) compilerId = javac
[DEBUG]   (f) createMissingPackageInfoClass = true
[DEBUG]   (f) debug = true
[DEBUG]   (f) debugFileName = javac-test
[DEBUG]   (f) enablePreview = false
[DEBUG]   (f) failOnError = true
[DEBUG]   (f) failOnWarning = false
[DEBUG]   (f) fileExtensions = [jar, class]
[DEBUG]   (f) forceJavacCompilerUse = false
[DEBUG]   (f) forceLegacyJavacApi = false
[DEBUG]   (f) fork = false
[DEBUG]   (f) generatedTestSourcesDirectory = C:\Users\jaime\Desktop\Apuntes\PSP\practica_ut3_grupo1\target\generated-test-sources\test-annotations
[DEBUG]   (f) mojoExecution = org.apache.maven.plugins:maven-compiler-plugin:3.13.0:testCompile {execution: default-testCompile}
[DEBUG]   (f) optimize = false
[DEBUG]   (f) outputDirectory = C:\Users\jaime\Desktop\Apuntes\PSP\practica_ut3_grupo1\target\test-classes
[DEBUG]   (f) parameters = false
[DEBUG]   (f) project = MavenProject: com.grupo_1:demo:1.0-SNAPSHOT @ C:\Users\jaime\Desktop\Apuntes\PSP\practica_ut3_grupo1\pom.xml
[DEBUG]   (f) session = org.apache.maven.execution.MavenSession@7173ae5b
[DEBUG]   (f) showCompilationChanges = false
[DEBUG]   (f) showDeprecation = false
[DEBUG]   (f) showWarnings = true
[DEBUG]   (f) skipMultiThreadWarning = false
[DEBUG]   (f) source = 25
[DEBUG]   (f) staleMillis = 0
[DEBUG]   (s) target = 25
[DEBUG]   (f) testPath = [C:\Users\jaime\Desktop\Apuntes\PSP\practica_ut3_grupo1\target\test-classes, C:\Users\jaime\Desktop\Apuntes\PSP\practica_ut3_grupo1\target\classes, C:\Users\jaime\.m2\repository\org\junit\jupiter\junit-jupiter-api\6.1.0-M1\junit-jupiter-api-6.1.0-M1.jar, C:\Users\jaime\.m2\repository\org\opentest4j\opentest4j\1.3.0\opentest4j-1.3.0.jar, C:\Users\jaime\.m2\repository\org\junit\platform\junit-platform-commons\6.1.0-M1\junit-platform-commons-6.1.0-M1.jar, C:\Users\jaime\.m2\repository\org\apiguardian\apiguardian-api\1.1.2\apiguardian-api-1.1.2.jar, C:\Users\jaime\.m2\repository\org\jspecify\jspecify\1.0.0\jspecify-1.0.0.jar, C:\Users\jaime\.m2\repository\org\mockito\mockito-core\5.14.2\mockito-core-5.14.2.jar, C:\Users\jaime\.m2\repository\net\bytebuddy\byte-buddy\1.15.4\byte-buddy-1.15.4.jar, C:\Users\jaime\.m2\repository\net\bytebuddy\byte-buddy-agent\1.15.4\byte-buddy-agent-1.15.4.jar, C:\Users\jaime\.m2\repository\org\objenesis\objenesis\3.3\objenesis-3.3.jar, C:\Users\jaime\.m2\repository\org\openjfx\javafx-controls\25.0.2\javafx-controls-25.0.2.jar, C:\Users\jaime\.m2\repository\org\openjfx\javafx-controls\25.0.2\javafx-controls-25.0.2-win.jar, C:\Users\jaime\.m2\repository\org\openjfx\javafx-graphics\25.0.2\javafx-graphics-25.0.2.jar, C:\Users\jaime\.m2\repository\org\openjfx\javafx-graphics\25.0.2\javafx-graphics-25.0.2-win.jar, C:\Users\jaime\.m2\repository\org\openjfx\javafx-base\25.0.2\javafx-base-25.0.2.jar, C:\Users\jaime\.m2\repository\org\openjfx\javafx-base\25.0.2\javafx-base-25.0.2-win.jar, C:\Users\jaime\.m2\repository\org\openjfx\javafx-fxml\25.0.2\javafx-fxml-25.0.2.jar, C:\Users\jaime\.m2\repository\org\openjfx\javafx-fxml\25.0.2\javafx-fxml-25.0.2-win.jar]
[DEBUG]   (f) useIncrementalCompilation = true
[DEBUG]   (f) useModulePath = true
[DEBUG]   (f) verbose = false
[DEBUG] -- end configuration --
[DEBUG] Using compiler 'javac'.
[DEBUG] Adding C:\Users\jaime\Desktop\Apuntes\PSP\practica_ut3_grupo1\target\generated-test-sources\test-annotations to test-compile source roots:
  C:\Users\jaime\Desktop\Apuntes\PSP\practica_ut3_grupo1\src\test\java
[DEBUG] New test-compile source roots:
  C:\Users\jaime\Desktop\Apuntes\PSP\practica_ut3_grupo1\src\test\java
  C:\Users\jaime\Desktop\Apuntes\PSP\practica_ut3_grupo1\target\generated-test-sources\test-annotations
[DEBUG] CompilerReuseStrategy: reuseCreated
[DEBUG] useIncrementalCompilation enabled
[INFO] Nothing to compile - all classes are up to date.
[INFO] 
[INFO] --- surefire:3.2.5:test (default-test) @ demo ---
[DEBUG] Using mirror maven-default-http-blocker (http://0.0.0.0/) for jboss-public-repository-group (http://repository.jboss.org/nexus/content/groups/public).
[DEBUG] Dependency collection stats {ConflictMarker.analyzeTime=522800, ConflictMarker.markTime=279400, ConflictMarker.nodeCount=78, ConflictIdSorter.graphTime=130000, ConflictIdSorter.topsortTime=51700, ConflictIdSorter.conflictIdCount=39, ConflictIdSorter.conflictIdCycleCount=0, ConflictResolver.totalTime=1307400, ConflictResolver.conflictItemCount=76, DfDependencyCollector.collectTime=335685700, DfDependencyCollector.transformTime=2320100}
[DEBUG] org.apache.maven.plugins:maven-surefire-plugin:jar:3.2.5
[DEBUG]    org.apache.maven.surefire:maven-surefire-common:jar:3.2.5:compile
[DEBUG]       org.apache.maven.surefire:surefire-api:jar:3.2.5:compile
[DEBUG]          org.apache.maven.surefire:surefire-logger-api:jar:3.2.5:compile
[DEBUG]       org.apache.maven.surefire:surefire-extensions-api:jar:3.2.5:compile
[DEBUG]       org.apache.maven.surefire:surefire-booter:jar:3.2.5:compile
[DEBUG]          org.apache.maven.surefire:surefire-extensions-spi:jar:3.2.5:compile
[DEBUG]       org.eclipse.aether:aether-util:jar:1.0.0.v20140518:compile
[DEBUG]          org.eclipse.aether:aether-api:jar:1.0.0.v20140518:compile
[DEBUG]       org.apache.maven.shared:maven-common-artifact-filters:jar:3.1.1:compile (version managed from default) (exclusions managed from default)
[DEBUG]          org.apache.maven:maven-artifact:jar:3.2.5:provided (scope managed from default) (version managed from default)
[DEBUG]             org.codehaus.plexus:plexus-utils:jar:4.0.0:provided (version managed from default)
[DEBUG]          org.apache.maven:maven-core:jar:3.2.5:provided (scope managed from default) (version managed from default)
[DEBUG]             org.apache.maven:maven-settings:jar:3.2.5:provided (version managed from default)
[DEBUG]             org.apache.maven:maven-settings-builder:jar:3.2.5:provided
[DEBUG]             org.apache.maven:maven-repository-metadata:jar:3.2.5:provided
[DEBUG]             org.apache.maven:maven-model-builder:jar:3.2.5:provided
[DEBUG]             org.apache.maven:maven-aether-provider:jar:3.2.5:provided
[DEBUG]                org.eclipse.aether:aether-spi:jar:1.0.0.v20140518:provided
[DEBUG]             org.eclipse.aether:aether-impl:jar:1.0.0.v20140518:provided
[DEBUG]             org.eclipse.sisu:org.eclipse.sisu.plexus:jar:0.9.0.M2:provided (version managed from default)
[DEBUG]                javax.annotation:javax.annotation-api:jar:1.2:provided
[DEBUG]                javax.enterprise:cdi-api:jar:1.2:provided
[DEBUG]                org.eclipse.sisu:org.eclipse.sisu.inject:jar:0.9.0.M2:provided (version managed from default)
[DEBUG]             org.sonatype.sisu:sisu-guice:jar:no_aop:3.2.3:provided
[DEBUG]                javax.inject:javax.inject:jar:1:provided
[DEBUG]                aopalliance:aopalliance:jar:1.0:provided
[DEBUG]                com.google.guava:guava:jar:16.0.1:provided
[DEBUG]             org.codehaus.plexus:plexus-interpolation:jar:1.21:provided
[DEBUG]             org.codehaus.plexus:plexus-classworlds:jar:2.5.2:provided
[DEBUG]             org.codehaus.plexus:plexus-component-annotations:jar:1.5.5:provided
[DEBUG]             org.sonatype.plexus:plexus-sec-dispatcher:jar:1.3:provided
[DEBUG]                org.sonatype.plexus:plexus-cipher:jar:1.4:provided
[DEBUG]          org.apache.maven:maven-plugin-api:jar:3.2.5:provided (scope managed from default) (version managed from default)
[DEBUG]          commons-io:commons-io:jar:2.15.1:compile (version managed from default)
[DEBUG]       org.codehaus.plexus:plexus-java:jar:1.2.0:compile (version managed from default)
[DEBUG]          org.ow2.asm:asm:jar:9.6:compile
[DEBUG]          com.thoughtworks.qdox:qdox:jar:2.0.3:compile
[DEBUG]       org.apache.maven.surefire:surefire-shared-utils:jar:3.2.5:compile
[DEBUG] Created new class realm plugin>org.apache.maven.plugins:maven-surefire-plugin:3.2.5
[DEBUG] Importing foreign packages into class realm plugin>org.apache.maven.plugins:maven-surefire-plugin:3.2.5
[DEBUG]   Imported:  < maven.api
[DEBUG] Populating class realm plugin>org.apache.maven.plugins:maven-surefire-plugin:3.2.5
[DEBUG]   Included: org.apache.maven.plugins:maven-surefire-plugin:jar:3.2.5
[DEBUG]   Included: org.apache.maven.surefire:maven-surefire-common:jar:3.2.5
[DEBUG]   Included: org.apache.maven.surefire:surefire-api:jar:3.2.5
[DEBUG]   Included: org.apache.maven.surefire:surefire-logger-api:jar:3.2.5
[DEBUG]   Included: org.apache.maven.surefire:surefire-extensions-api:jar:3.2.5
[DEBUG]   Included: org.apache.maven.surefire:surefire-booter:jar:3.2.5
[DEBUG]   Included: org.apache.maven.surefire:surefire-extensions-spi:jar:3.2.5
[DEBUG]   Included: org.apache.maven.shared:maven-common-artifact-filters:jar:3.1.1
[DEBUG]   Included: commons-io:commons-io:jar:2.15.1
[DEBUG]   Included: org.codehaus.plexus:plexus-java:jar:1.2.0
[DEBUG]   Included: org.ow2.asm:asm:jar:9.6
[DEBUG]   Included: com.thoughtworks.qdox:qdox:jar:2.0.3
[DEBUG]   Included: org.apache.maven.surefire:surefire-shared-utils:jar:3.2.5
[DEBUG] Loading mojo org.apache.maven.plugins:maven-surefire-plugin:3.2.5:test from plugin realm ClassRealm[plugin>org.apache.maven.plugins:maven-surefire-plugin:3.2.5, parent: jdk.internal.loader.ClassLoaders$AppClassLoader@105be200]
[DEBUG] Configuring mojo execution 'org.apache.maven.plugins:maven-surefire-plugin:3.2.5:test:default-test' with basic configurator -->
[DEBUG]   (f) additionalClasspathDependencies = []
[DEBUG]   (s) additionalClasspathElements = []
[DEBUG]   (s) basedir = C:\Users\jaime\Desktop\Apuntes\PSP\practica_ut3_grupo1
[DEBUG]   (s) childDelegation = false
[DEBUG]   (f) classesDirectory = C:\Users\jaime\Desktop\Apuntes\PSP\practica_ut3_grupo1\target\classes
[DEBUG]   (s) classpathDependencyExcludes = []
[DEBUG]   (s) dependenciesToScan = []
[DEBUG]   (s) disableXmlReport = false
[DEBUG]   (s) enableAssertions = true
[DEBUG]   (s) excludeJUnit5Engines = []
[DEBUG]   (f) excludedEnvironmentVariables = []
[DEBUG]   (s) excludes = []
[DEBUG]   (s) failIfNoSpecifiedTests = true
[DEBUG]   (s) failIfNoTests = false
[DEBUG]   (s) failOnFlakeCount = 0
[DEBUG]   (f) forkCount = 1
[DEBUG]   (s) forkedProcessExitTimeoutInSeconds = 30
[DEBUG]   (s) includeJUnit5Engines = []
[DEBUG]   (s) includes = []
[DEBUG]   (s) junitArtifactName = junit:junit
[DEBUG]   (f) parallelMavenExecution = false
[DEBUG]   (s) parallelOptimized = true
[DEBUG]   (s) perCoreThreadCount = true
[DEBUG]   (s) pluginArtifactMap = {org.apache.maven.plugins:maven-surefire-plugin=org.apache.maven.plugins:maven-surefire-plugin:maven-plugin:3.2.5:, org.apache.maven.surefire:maven-surefire-common=org.apache.maven.surefire:maven-surefire-common:jar:3.2.5:compile, org.apache.maven.surefire:surefire-api=org.apache.maven.surefire:surefire-api:jar:3.2.5:compile, org.apache.maven.surefire:surefire-logger-api=org.apache.maven.surefire:surefire-logger-api:jar:3.2.5:compile, org.apache.maven.surefire:surefire-extensions-api=org.apache.maven.surefire:surefire-extensions-api:jar:3.2.5:compile, org.apache.maven.surefire:surefire-booter=org.apache.maven.surefire:surefire-booter:jar:3.2.5:compile, org.apache.maven.surefire:surefire-extensions-spi=org.apache.maven.surefire:surefire-extensions-spi:jar:3.2.5:compile, org.eclipse.aether:aether-util=org.eclipse.aether:aether-util:jar:1.0.0.v20140518:compile, org.eclipse.aether:aether-api=org.eclipse.aether:aether-api:jar:1.0.0.v20140518:compile, org.apache.maven.shared:maven-common-artifact-filters=org.apache.maven.shared:maven-common-artifact-filters:jar:3.1.1:compile, commons-io:commons-io=commons-io:commons-io:jar:2.15.1:compile, org.codehaus.plexus:plexus-java=org.codehaus.plexus:plexus-java:jar:1.2.0:compile, org.ow2.asm:asm=org.ow2.asm:asm:jar:9.6:compile, com.thoughtworks.qdox:qdox=com.thoughtworks.qdox:qdox:jar:2.0.3:compile, org.apache.maven.surefire:surefire-shared-utils=org.apache.maven.surefire:surefire-shared-utils:jar:3.2.5:compile}
[DEBUG]   (f) pluginDescriptor = Component Descriptor: role: 'org.apache.maven.plugin.Mojo', implementation: 'org.apache.maven.plugins.maven_surefire_plugin.HelpMojo', role hint: 'org.apache.maven.plugins:maven-surefire-plugin:3.2.5:help'
role: 'org.apache.maven.plugin.Mojo', implementation: 'org.apache.maven.plugin.surefire.SurefirePlugin', role hint: 'org.apache.maven.plugins:maven-surefire-plugin:3.2.5:test'
---
[DEBUG]   (s) printSummary = true
[DEBUG]   (s) project = MavenProject: com.grupo_1:demo:1.0-SNAPSHOT @ C:\Users\jaime\Desktop\Apuntes\PSP\practica_ut3_grupo1\pom.xml
[DEBUG]   (s) projectArtifactMap = {org.junit.jupiter:junit-jupiter-api=org.junit.jupiter:junit-jupiter-api:jar:6.1.0-M1:test, org.opentest4j:opentest4j=org.opentest4j:opentest4j:jar:1.3.0:test, org.junit.platform:junit-platform-commons=org.junit.platform:junit-platform-commons:jar:6.1.0-M1:test, org.apiguardian:apiguardian-api=org.apiguardian:apiguardian-api:jar:1.1.2:test, org.jspecify:jspecify=org.jspecify:jspecify:jar:1.0.0:test, org.mockito:mockito-core=org.mockito:mockito-core:jar:5.14.2:test, net.bytebuddy:byte-buddy=net.bytebuddy:byte-buddy:jar:1.15.4:test, net.bytebuddy:byte-buddy-agent=net.bytebuddy:byte-buddy-agent:jar:1.15.4:test, org.objenesis:objenesis=org.objenesis:objenesis:jar:3.3:test, org.openjfx:javafx-controls=org.openjfx:javafx-controls:jar:win:25.0.2:compile, org.openjfx:javafx-graphics=org.openjfx:javafx-graphics:jar:win:25.0.2:compile, org.openjfx:javafx-base=org.openjfx:javafx-base:jar:win:25.0.2:compile, org.openjfx:javafx-fxml=org.openjfx:javafx-fxml:jar:win:25.0.2:compile}
[DEBUG]   (s) projectBuildDirectory = C:\Users\jaime\Desktop\Apuntes\PSP\practica_ut3_grupo1\target
[DEBUG]   (s) redirectTestOutputToFile = false
[DEBUG]   (s) reportFormat = brief
[DEBUG]   (s) reportsDirectory = C:\Users\jaime\Desktop\Apuntes\PSP\practica_ut3_grupo1\target\surefire-reports
[DEBUG]   (f) rerunFailingTestsCount = 0
[DEBUG]   (f) reuseForks = true
[DEBUG]   (s) runOrder = filesystem
[DEBUG]   (s) session = org.apache.maven.execution.MavenSession@7173ae5b
[DEBUG]   (f) shutdown = exit
[DEBUG]   (s) skip = false
[DEBUG]   (f) skipAfterFailureCount = 0
[DEBUG]   (s) skipTests = false
[DEBUG]   (s) suiteXmlFiles = []
[DEBUG]   (s) tempDir = surefire
[DEBUG]   (s) test = JuegoLogicTest
[DEBUG]   (s) testClassesDirectory = C:\Users\jaime\Desktop\Apuntes\PSP\practica_ut3_grupo1\target\test-classes
[DEBUG]   (s) testFailureIgnore = false
[DEBUG]   (s) testNGArtifactName = org.testng:testng
[DEBUG]   (s) testSourceDirectory = C:\Users\jaime\Desktop\Apuntes\PSP\practica_ut3_grupo1\src\test\java
[DEBUG]   (s) threadCountClasses = 0
[DEBUG]   (s) threadCountMethods = 0
[DEBUG]   (s) threadCountSuites = 0
[DEBUG]   (s) trimStackTrace = false
[DEBUG]   (s) useFile = true
[DEBUG]   (s) useManifestOnlyJar = true
[DEBUG]   (f) useModulePath = true
[DEBUG]   (s) useSystemClassLoader = true
[DEBUG]   (s) useUnlimitedThreads = false
[DEBUG]   (s) workingDirectory = C:\Users\jaime\Desktop\Apuntes\PSP\practica_ut3_grupo1
[DEBUG] -- end configuration --
[DEBUG] Using JVM: C:\Program Files\Java\jdk-25\bin\java with Java version 25.0
[DEBUG] Resolved included and excluded patterns: JuegoLogicTest
[DEBUG] Surefire report directory: C:\Users\jaime\Desktop\Apuntes\PSP\practica_ut3_grupo1\target\surefire-reports
[INFO] Using auto detected provider org.apache.maven.surefire.junitplatform.JUnitPlatformProvider
[DEBUG] Using the provider org.apache.maven.surefire.junitplatform.JUnitPlatformProvider
[DEBUG] Setting system property [basedir]=[C:\Users\jaime\Desktop\Apuntes\PSP\practica_ut3_grupo1]
[DEBUG] Setting system property [test]=[JuegoLogicTest]
[DEBUG] Setting system property [localRepository]=[C:\Users\jaime\.m2\repository]
[DEBUG] Dependency collection stats {ConflictMarker.analyzeTime=85000, ConflictMarker.markTime=22400, ConflictMarker.nodeCount=7, ConflictIdSorter.graphTime=28400, ConflictIdSorter.topsortTime=14900, ConflictIdSorter.conflictIdCount=5, ConflictIdSorter.conflictIdCycleCount=0, ConflictResolver.totalTime=161200, ConflictResolver.conflictItemCount=6, DfDependencyCollector.collectTime=10972800, DfDependencyCollector.transformTime=337600}
[DEBUG] Found implementation of fork node factory: org.apache.maven.plugin.surefire.extensions.LegacyForkNodeFactory
[DEBUG] Using fork starter with configuration implementation org.apache.maven.plugin.surefire.booterclient.JarManifestForkConfiguration
[DEBUG] Dependency collection stats {ConflictMarker.analyzeTime=62400, ConflictMarker.markTime=23000, ConflictMarker.nodeCount=15, ConflictIdSorter.graphTime=37500, ConflictIdSorter.topsortTime=13400, ConflictIdSorter.conflictIdCount=10, ConflictIdSorter.conflictIdCycleCount=0, ConflictResolver.totalTime=328500, ConflictResolver.conflictItemCount=14, DfDependencyCollector.collectTime=35761800, DfDependencyCollector.transformTime=518200}
[DEBUG] Test dependencies contain org.junit.jupiter:junit-jupiter-api. Resolving org.junit.jupiter:junit-jupiter-engine:6.1.0-M1
[DEBUG] Resolving artifact org.junit.jupiter:junit-jupiter-engine:6.1.0-M1
[DEBUG] Dependency collection stats {ConflictMarker.analyzeTime=74300, ConflictMarker.markTime=26500, ConflictMarker.nodeCount=16, ConflictIdSorter.graphTime=23100, ConflictIdSorter.topsortTime=14900, ConflictIdSorter.conflictIdCount=7, ConflictIdSorter.conflictIdCycleCount=0, ConflictResolver.totalTime=502900, ConflictResolver.conflictItemCount=15, DfDependencyCollector.collectTime=10540500, DfDependencyCollector.transformTime=677800}
[DEBUG] Resolved artifact org.junit.jupiter:junit-jupiter-engine:6.1.0-M1 to [org.junit.jupiter:junit-jupiter-engine:jar:6.1.0-M1, org.junit.platform:junit-platform-engine:jar:6.1.0-M1, org.opentest4j:opentest4j:jar:1.3.0, org.junit.platform:junit-platform-commons:jar:6.1.0-M1, org.junit.jupiter:junit-jupiter-api:jar:6.1.0-M1, org.apiguardian:apiguardian-api:jar:1.1.2, org.jspecify:jspecify:jar:1.0.0]
[DEBUG] Resolving artifact org.junit.platform:junit-platform-launcher:6.1.0-M1
[DEBUG] Dependency collection stats {ConflictMarker.analyzeTime=61000, ConflictMarker.markTime=47600, ConflictMarker.nodeCount=11, ConflictIdSorter.graphTime=25600, ConflictIdSorter.topsortTime=16700, ConflictIdSorter.conflictIdCount=6, ConflictIdSorter.conflictIdCycleCount=0, ConflictResolver.totalTime=202500, ConflictResolver.conflictItemCount=10, DfDependencyCollector.collectTime=5930000, DfDependencyCollector.transformTime=376700}
[DEBUG] Resolved artifact org.junit.platform:junit-platform-launcher:6.1.0-M1 to [org.junit.platform:junit-platform-launcher:jar:6.1.0-M1, org.junit.platform:junit-platform-engine:jar:6.1.0-M1, org.opentest4j:opentest4j:jar:1.3.0, org.junit.platform:junit-platform-commons:jar:6.1.0-M1, org.apiguardian:apiguardian-api:jar:1.1.2, org.jspecify:jspecify:jar:1.0.0]
[DEBUG] test classpath:  C:\Users\jaime\Desktop\Apuntes\PSP\practica_ut3_grupo1\target\test-classes  C:\Users\jaime\Desktop\Apuntes\PSP\practica_ut3_grupo1\target\classes  C:\Users\jaime\.m2\repository\org\junit\jupiter\junit-jupiter-api\6.1.0-M1\junit-jupiter-api-6.1.0-M1.jar  C:\Users\jaime\.m2\repository\org\opentest4j\opentest4j\1.3.0\opentest4j-1.3.0.jar  C:\Users\jaime\.m2\repository\org\junit\platform\junit-platform-commons\6.1.0-M1\junit-platform-commons-6.1.0-M1.jar  C:\Users\jaime\.m2\repository\org\apiguardian\apiguardian-api\1.1.2\apiguardian-api-1.1.2.jar  C:\Users\jaime\.m2\repository\org\jspecify\jspecify\1.0.0\jspecify-1.0.0.jar  C:\Users\jaime\.m2\repository\org\mockito\mockito-core\5.14.2\mockito-core-5.14.2.jar  C:\Users\jaime\.m2\repository\net\bytebuddy\byte-buddy\1.15.4\byte-buddy-1.15.4.jar  C:\Users\jaime\.m2\repository\net\bytebuddy\byte-buddy-agent\1.15.4\byte-buddy-agent-1.15.4.jar  C:\Users\jaime\.m2\repository\org\objenesis\objenesis\3.3\objenesis-3.3.jar  C:\Users\jaime\.m2\repository\org\openjfx\javafx-controls\25.0.2\javafx-controls-25.0.2.jar  C:\Users\jaime\.m2\repository\org\openjfx\javafx-controls\25.0.2\javafx-controls-25.0.2-win.jar  C:\Users\jaime\.m2\repository\org\openjfx\javafx-graphics\25.0.2\javafx-graphics-25.0.2.jar  C:\Users\jaime\.m2\repository\org\openjfx\javafx-graphics\25.0.2\javafx-graphics-25.0.2-win.jar  C:\Users\jaime\.m2\repository\org\openjfx\javafx-base\25.0.2\javafx-base-25.0.2.jar  C:\Users\jaime\.m2\repository\org\openjfx\javafx-base\25.0.2\javafx-base-25.0.2-win.jar  C:\Users\jaime\.m2\repository\org\openjfx\javafx-fxml\25.0.2\javafx-fxml-25.0.2.jar  C:\Users\jaime\.m2\repository\org\openjfx\javafx-fxml\25.0.2\javafx-fxml-25.0.2-win.jar
[DEBUG] provider classpath:  C:\Users\jaime\.m2\repository\org\apache\maven\surefire\surefire-junit-platform\3.2.5\surefire-junit-platform-3.2.5.jar  C:\Users\jaime\.m2\repository\org\apache\maven\surefire\surefire-api\3.2.5\surefire-api-3.2.5.jar  C:\Users\jaime\.m2\repository\org\apache\maven\surefire\surefire-logger-api\3.2.5\surefire-logger-api-3.2.5.jar  C:\Users\jaime\.m2\repository\org\apache\maven\surefire\surefire-shared-utils\3.2.5\surefire-shared-utils-3.2.5.jar  C:\Users\jaime\.m2\repository\org\apache\maven\surefire\common-java5\3.2.5\common-java5-3.2.5.jar  C:\Users\jaime\.m2\repository\org\junit\platform\junit-platform-launcher\6.1.0-M1\junit-platform-launcher-6.1.0-M1.jar  C:\Users\jaime\.m2\repository\org\junit\platform\junit-platform-engine\6.1.0-M1\junit-platform-engine-6.1.0-M1.jar  C:\Users\jaime\.m2\repository\org\junit\jupiter\junit-jupiter-engine\6.1.0-M1\junit-jupiter-engine-6.1.0-M1.jar
[DEBUG] test(compact) classpath:  test-classes  classes  junit-jupiter-api-6.1.0-M1.jar  opentest4j-1.3.0.jar  junit-platform-commons-6.1.0-M1.jar  apiguardian-api-1.1.2.jar  jspecify-1.0.0.jar  mockito-core-5.14.2.jar  byte-buddy-1.15.4.jar  byte-buddy-agent-1.15.4.jar  objenesis-3.3.jar  javafx-controls-25.0.2.jar  javafx-controls-25.0.2-win.jar  javafx-graphics-25.0.2.jar  javafx-graphics-25.0.2-win.jar  javafx-base-25.0.2.jar  javafx-base-25.0.2-win.jar  javafx-fxml-25.0.2.jar  javafx-fxml-25.0.2-win.jar
[DEBUG] provider(compact) classpath:  surefire-junit-platform-3.2.5.jar  surefire-api-3.2.5.jar  surefire-logger-api-3.2.5.jar  surefire-shared-utils-3.2.5.jar  common-java5-3.2.5.jar  junit-platform-launcher-6.1.0-M1.jar  junit-platform-engine-6.1.0-M1.jar  junit-jupiter-engine-6.1.0-M1.jar
[DEBUG] in-process classpath:  C:\Users\jaime\.m2\repository\org\apache\maven\surefire\surefire-junit-platform\3.2.5\surefire-junit-platform-3.2.5.jar  C:\Users\jaime\.m2\repository\org\apache\maven\surefire\surefire-api\3.2.5\surefire-api-3.2.5.jar  C:\Users\jaime\.m2\repository\org\apache\maven\surefire\surefire-logger-api\3.2.5\surefire-logger-api-3.2.5.jar  C:\Users\jaime\.m2\repository\org\apache\maven\surefire\surefire-shared-utils\3.2.5\surefire-shared-utils-3.2.5.jar  C:\Users\jaime\.m2\repository\org\apache\maven\surefire\common-java5\3.2.5\common-java5-3.2.5.jar  C:\Users\jaime\.m2\repository\org\junit\platform\junit-platform-launcher\6.1.0-M1\junit-platform-launcher-6.1.0-M1.jar  C:\Users\jaime\.m2\repository\org\junit\platform\junit-platform-engine\6.1.0-M1\junit-platform-engine-6.1.0-M1.jar  C:\Users\jaime\.m2\repository\org\junit\jupiter\junit-jupiter-engine\6.1.0-M1\junit-jupiter-engine-6.1.0-M1.jar  C:\Users\jaime\.m2\repository\org\apache\maven\surefire\maven-surefire-common\3.2.5\maven-surefire-common-3.2.5.jar  C:\Users\jaime\.m2\repository\org\apache\maven\surefire\surefire-booter\3.2.5\surefire-booter-3.2.5.jar  C:\Users\jaime\.m2\repository\org\apache\maven\surefire\surefire-extensions-api\3.2.5\surefire-extensions-api-3.2.5.jar  C:\Users\jaime\.m2\repository\org\apache\maven\surefire\surefire-extensions-spi\3.2.5\surefire-extensions-spi-3.2.5.jar
[DEBUG] in-process(compact) classpath:  surefire-junit-platform-3.2.5.jar  surefire-api-3.2.5.jar  surefire-logger-api-3.2.5.jar  surefire-shared-utils-3.2.5.jar  common-java5-3.2.5.jar  junit-platform-launcher-6.1.0-M1.jar  junit-platform-engine-6.1.0-M1.jar  junit-jupiter-engine-6.1.0-M1.jar  maven-surefire-common-3.2.5.jar  surefire-booter-3.2.5.jar  surefire-extensions-api-3.2.5.jar  surefire-extensions-spi-3.2.5.jar
[INFO] 
[INFO] -------------------------------------------------------
[INFO]  T E S T S
[INFO] -------------------------------------------------------
[DEBUG] Determined Maven Process ID 18536
[DEBUG] Fork Channel [1] connection string 'pipe://1' for the implementation class org.apache.maven.plugin.surefire.extensions.LegacyForkChannel
[DEBUG] boot classpath:  C:\Users\jaime\.m2\repository\org\apache\maven\surefire\surefire-booter\3.2.5\surefire-booter-3.2.5.jar  C:\Users\jaime\.m2\repository\org\apache\maven\surefire\surefire-api\3.2.5\surefire-api-3.2.5.jar  C:\Users\jaime\.m2\repository\org\apache\maven\surefire\surefire-logger-api\3.2.5\surefire-logger-api-3.2.5.jar  C:\Users\jaime\.m2\repository\org\apache\maven\surefire\surefire-shared-utils\3.2.5\surefire-shared-utils-3.2.5.jar  C:\Users\jaime\.m2\repository\org\apache\maven\surefire\surefire-extensions-spi\3.2.5\surefire-extensions-spi-3.2.5.jar  C:\Users\jaime\Desktop\Apuntes\PSP\practica_ut3_grupo1\target\test-classes  C:\Users\jaime\Desktop\Apuntes\PSP\practica_ut3_grupo1\target\classes  C:\Users\jaime\.m2\repository\org\junit\jupiter\junit-jupiter-api\6.1.0-M1\junit-jupiter-api-6.1.0-M1.jar  C:\Users\jaime\.m2\repository\org\opentest4j\opentest4j\1.3.0\opentest4j-1.3.0.jar  C:\Users\jaime\.m2\repository\org\junit\platform\junit-platform-commons\6.1.0-M1\junit-platform-commons-6.1.0-M1.jar  C:\Users\jaime\.m2\repository\org\apiguardian\apiguardian-api\1.1.2\apiguardian-api-1.1.2.jar  C:\Users\jaime\.m2\repository\org\jspecify\jspecify\1.0.0\jspecify-1.0.0.jar  C:\Users\jaime\.m2\repository\org\mockito\mockito-core\5.14.2\mockito-core-5.14.2.jar  C:\Users\jaime\.m2\repository\net\bytebuddy\byte-buddy\1.15.4\byte-buddy-1.15.4.jar  C:\Users\jaime\.m2\repository\net\bytebuddy\byte-buddy-agent\1.15.4\byte-buddy-agent-1.15.4.jar  C:\Users\jaime\.m2\repository\org\objenesis\objenesis\3.3\objenesis-3.3.jar  C:\Users\jaime\.m2\repository\org\openjfx\javafx-controls\25.0.2\javafx-controls-25.0.2.jar  C:\Users\jaime\.m2\repository\org\openjfx\javafx-controls\25.0.2\javafx-controls-25.0.2-win.jar  C:\Users\jaime\.m2\repository\org\openjfx\javafx-graphics\25.0.2\javafx-graphics-25.0.2.jar  C:\Users\jaime\.m2\repository\org\openjfx\javafx-graphics\25.0.2\javafx-graphics-25.0.2-win.jar  C:\Users\jaime\.m2\repository\org\openjfx\javafx-base\25.0.2\javafx-base-25.0.2.jar  C:\Users\jaime\.m2\repository\org\openjfx\javafx-base\25.0.2\javafx-base-25.0.2-win.jar  C:\Users\jaime\.m2\repository\org\openjfx\javafx-fxml\25.0.2\javafx-fxml-25.0.2.jar  C:\Users\jaime\.m2\repository\org\openjfx\javafx-fxml\25.0.2\javafx-fxml-25.0.2-win.jar  C:\Users\jaime\.m2\repository\org\apache\maven\surefire\surefire-junit-platform\3.2.5\surefire-junit-platform-3.2.5.jar  C:\Users\jaime\.m2\repository\org\apache\maven\surefire\common-java5\3.2.5\common-java5-3.2.5.jar  C:\Users\jaime\.m2\repository\org\junit\platform\junit-platform-launcher\6.1.0-M1\junit-platform-launcher-6.1.0-M1.jar  C:\Users\jaime\.m2\repository\org\junit\platform\junit-platform-engine\6.1.0-M1\junit-platform-engine-6.1.0-M1.jar  C:\Users\jaime\.m2\repository\org\junit\jupiter\junit-jupiter-engine\6.1.0-M1\junit-jupiter-engine-6.1.0-M1.jar
[DEBUG] boot(compact) classpath:  surefire-booter-3.2.5.jar  surefire-api-3.2.5.jar  surefire-logger-api-3.2.5.jar  surefire-shared-utils-3.2.5.jar  surefire-extensions-spi-3.2.5.jar  test-classes  classes  junit-jupiter-api-6.1.0-M1.jar  opentest4j-1.3.0.jar  junit-platform-commons-6.1.0-M1.jar  apiguardian-api-1.1.2.jar  jspecify-1.0.0.jar  mockito-core-5.14.2.jar  byte-buddy-1.15.4.jar  byte-buddy-agent-1.15.4.jar  objenesis-3.3.jar  javafx-controls-25.0.2.jar  javafx-controls-25.0.2-win.jar  javafx-graphics-25.0.2.jar  javafx-graphics-25.0.2-win.jar  javafx-base-25.0.2.jar  javafx-base-25.0.2-win.jar  javafx-fxml-25.0.2.jar  javafx-fxml-25.0.2-win.jar  surefire-junit-platform-3.2.5.jar  common-java5-3.2.5.jar  junit-platform-launcher-6.1.0-M1.jar  junit-platform-engine-6.1.0-M1.jar  junit-jupiter-engine-6.1.0-M1.jar
[DEBUG] Forking command line: cmd.exe /X /C ""C:\Program Files\Java\jdk-25\bin\java" -jar C:\Users\jaime\AppData\Local\Temp\surefire16545697912172889526\surefirebooter-20260127125351746_3.jar C:\Users\jaime\AppData\Local\Temp\surefire16545697912172889526 2026-01-27T12-53-51_513-jvmRun1 surefire-20260127125351746_1tmp surefire_0-20260127125351746_2tmp"
[DEBUG] Fork Channel [1] connected to the client.
[INFO] Running JuegoLogicTest
Mockito is currently 
self-attaching to enable 
the inline-mock-maker. 
This will no longer work 
in future releases of the 
JDK. Please add Mockito as 
an agent to your build 
what is described in 
Mockito's documentation: ht
tps://javadoc.io/doc/org.mo
ckito/mockito-core/latest/o
rg/mockito/Mockito.html#0.3
WARNING: A Java agent has 
been loaded dynamically (C:
\Users\jaime\.m2\repository
\net\bytebuddy\byte-buddy-a
gent\1.15.4\byte-buddy-agen
t-1.15.4.jar)
WARNING: If a 
serviceability tool is in 
use, please run with -XX:+E
nableDynamicAgentLoading 
to hide this warning
WARNING: If a 
serviceability tool is not 
in use, please run with -Dj
dk.instrument.traceUsage 
for more information
WARNING: Dynamic loading 
of agents will be 
disallowed by default in a 
future release
Java HotSpot(TM) 64-Bit 
Server VM warning: Sharing 
is only supported for boot 
loader classes because 
bootstrap classpath has 
been appended
[ERROR] Tests run: 11, Failures: 0, Errors: 11, Skipped: 0, Time elapsed: 1.562 s <<< FAILURE! -- in JuegoLogicTest
[ERROR] JuegoLogicTest.testDetectarVictoriaHorizontal -- Time elapsed: 0.976 s <<< ERROR!
org.mockito.exceptions.base.MockitoException: 

Mockito cannot mock this class: class java.net.Socket.

If you're not sure why you're getting this error, please open an issue on GitHub.


Java               : 25
JVM vendor name    : Oracle Corporation
JVM vendor version : 25.0.1+8-LTS-27
JVM name           : Java HotSpot(TM) 64-Bit Server VM
JVM version        : 25.0.1+8-LTS-27
JVM info           : mixed mode, sharing
OS name            : Windows 11
OS version         : 10.0


You are seeing this disclaimer because Mockito is configured to create inlined mocks.
You can learn about inline mocks and their limitations under item #39 of the Mockito class javadoc.

Underlying exception : org.mockito.exceptions.base.MockitoException: Could not modify all classes [interface java.io.Closeable, interface java.lang.AutoCloseable, class java.lang.Object, class java.net.Socket]
	at JuegoLogicTest.setUp(JuegoLogicTest.java:30)
Caused by: org.mockito.exceptions.base.MockitoException: Could not modify all classes [interface java.io.Closeable, interface java.lang.AutoCloseable, class java.lang.Object, class java.net.Socket]
	at net.bytebuddy.TypeCache.findOrInsert(TypeCache.java:168)
	at net.bytebuddy.TypeCache$WithInlineExpunction.findOrInsert(TypeCache.java:399)
	at net.bytebuddy.TypeCache.findOrInsert(TypeCache.java:190)
	at net.bytebuddy.TypeCache$WithInlineExpunction.findOrInsert(TypeCache.java:410)
	... 1 more
Caused by: java.lang.IllegalStateException: 
Byte Buddy could not instrument all classes within the mock's type hierarchy

This problem should never occur for javac-compiled classes. This problem has been observed for classes that are:
 - Compiled by older versions of scalac
 - Classes that are part of the Android distribution
	at org.mockito.internal.creation.bytebuddy.InlineBytecodeGenerator.triggerRetransformation(InlineBytecodeGenerator.java:285)
	at org.mockito.internal.creation.bytebuddy.InlineBytecodeGenerator.mockClass(InlineBytecodeGenerator.java:218)
	at org.mockito.internal.creation.bytebuddy.TypeCachingBytecodeGenerator.lambda$mockClass$0(TypeCachingBytecodeGenerator.java:78)
	at net.bytebuddy.TypeCache.findOrInsert(TypeCache.java:168)
	at net.bytebuddy.TypeCache$WithInlineExpunction.findOrInsert(TypeCache.java:399)
	at net.bytebuddy.TypeCache.findOrInsert(TypeCache.java:190)
	at net.bytebuddy.TypeCache$WithInlineExpunction.findOrInsert(TypeCache.java:410)
	at org.mockito.internal.creation.bytebuddy.TypeCachingBytecodeGenerator.mockClass(TypeCachingBytecodeGenerator.java:75)
	at org.mockito.internal.creation.bytebuddy.InlineDelegateByteBuddyMockMaker.createMockType(InlineDelegateByteBuddyMockMaker.java:408)
	at org.mockito.internal.creation.bytebuddy.InlineDelegateByteBuddyMockMaker.doCreateMock(InlineDelegateByteBuddyMockMaker.java:367)
	at org.mockito.internal.creation.bytebuddy.InlineDelegateByteBuddyMockMaker.createMock(InlineDelegateByteBuddyMockMaker.java:346)
	at org.mockito.internal.creation.bytebuddy.InlineByteBuddyMockMaker.createMock(InlineByteBuddyMockMaker.java:56)
	at org.mockito.internal.util.MockUtil.createMock(MockUtil.java:99)
	at org.mockito.internal.MockitoCore.mock(MockitoCore.java:84)
	at org.mockito.Mockito.mock(Mockito.java:2162)
	at org.mockito.Mockito.mock(Mockito.java:2077)
	... 1 more
Caused by: java.lang.IllegalArgumentException: Java 25 (69) is not supported by the current version of Byte Buddy which officially supports Java 24 (68) - update Byte Buddy or set net.bytebuddy.experimental as a VM property
	at net.bytebuddy.utility.OpenedClassReader.of(OpenedClassReader.java:120)
	at net.bytebuddy.utility.OpenedClassReader.of(OpenedClassReader.java:95)
	at net.bytebuddy.utility.AsmClassReader$Factory$Default.make(AsmClassReader.java:82)
	at net.bytebuddy.dynamic.scaffold.TypeWriter$Default$ForInlining.create(TypeWriter.java:4036)
	at net.bytebuddy.dynamic.scaffold.TypeWriter$Default.make(TypeWriter.java:2246)
	at net.bytebuddy.dynamic.DynamicType$Builder$AbstractBase$UsingTypeWriter.make(DynamicType.java:4057)
	at net.bytebuddy.dynamic.DynamicType$Builder$AbstractBase.make(DynamicType.java:3741)
	at org.mockito.internal.creation.bytebuddy.InlineBytecodeGenerator.transform(InlineBytecodeGenerator.java:402)
	at java.instrument/java.lang.instrument.ClassFileTransformer.transform(ClassFileTransformer.java:257)
	at java.instrument/sun.instrument.TransformerManager.transform(TransformerManager.java:188)
	at java.instrument/sun.instrument.InstrumentationImpl.transform(InstrumentationImpl.java:594)
	at java.instrument/sun.instrument.InstrumentationImpl.retransformClasses0(Native Method)
	at java.instrument/sun.instrument.InstrumentationImpl.retransformClasses(InstrumentationImpl.java:221)
	at org.mockito.internal.creation.bytebuddy.InlineBytecodeGenerator.triggerRetransformation(InlineBytecodeGenerator.java:281)
	... 16 more

[ERROR] JuegoLogicTest.testTableroInicializadoVacio -- Time elapsed: 0.061 s <<< ERROR!
org.mockito.exceptions.base.MockitoException: 

Mockito cannot mock this class: class java.net.Socket.

If you're not sure why you're getting this error, please open an issue on GitHub.


Java               : 25
JVM vendor name    : Oracle Corporation
JVM vendor version : 25.0.1+8-LTS-27
JVM name           : Java HotSpot(TM) 64-Bit Server VM
JVM version        : 25.0.1+8-LTS-27
JVM info           : mixed mode, sharing
OS name            : Windows 11
OS version         : 10.0


You are seeing this disclaimer because Mockito is configured to create inlined mocks.
You can learn about inline mocks and their limitations under item #39 of the Mockito class javadoc.

Underlying exception : org.mockito.exceptions.base.MockitoException: Could not modify all classes [interface java.io.Closeable, interface java.lang.AutoCloseable, class java.lang.Object, class java.net.Socket]
	at JuegoLogicTest.setUp(JuegoLogicTest.java:30)
Caused by: org.mockito.exceptions.base.MockitoException: Could not modify all classes [interface java.io.Closeable, interface java.lang.AutoCloseable, class java.lang.Object, class java.net.Socket]
	at net.bytebuddy.TypeCache.findOrInsert(TypeCache.java:168)
	at net.bytebuddy.TypeCache$WithInlineExpunction.findOrInsert(TypeCache.java:399)
	at net.bytebuddy.TypeCache.findOrInsert(TypeCache.java:190)
	at net.bytebuddy.TypeCache$WithInlineExpunction.findOrInsert(TypeCache.java:410)
	... 1 more
Caused by: java.lang.IllegalStateException: 
Byte Buddy could not instrument all classes within the mock's type hierarchy

This problem should never occur for javac-compiled classes. This problem has been observed for classes that are:
 - Compiled by older versions of scalac
 - Classes that are part of the Android distribution
	at org.mockito.internal.creation.bytebuddy.InlineBytecodeGenerator.triggerRetransformation(InlineBytecodeGenerator.java:285)
	at org.mockito.internal.creation.bytebuddy.InlineBytecodeGenerator.mockClass(InlineBytecodeGenerator.java:218)
	at org.mockito.internal.creation.bytebuddy.TypeCachingBytecodeGenerator.lambda$mockClass$0(TypeCachingBytecodeGenerator.java:78)
	at net.bytebuddy.TypeCache.findOrInsert(TypeCache.java:168)
	at net.bytebuddy.TypeCache$WithInlineExpunction.findOrInsert(TypeCache.java:399)
	at net.bytebuddy.TypeCache.findOrInsert(TypeCache.java:190)
	at net.bytebuddy.TypeCache$WithInlineExpunction.findOrInsert(TypeCache.java:410)
	at org.mockito.internal.creation.bytebuddy.TypeCachingBytecodeGenerator.mockClass(TypeCachingBytecodeGenerator.java:75)
	at org.mockito.internal.creation.bytebuddy.InlineDelegateByteBuddyMockMaker.createMockType(InlineDelegateByteBuddyMockMaker.java:408)
	at org.mockito.internal.creation.bytebuddy.InlineDelegateByteBuddyMockMaker.doCreateMock(InlineDelegateByteBuddyMockMaker.java:367)
	at org.mockito.internal.creation.bytebuddy.InlineDelegateByteBuddyMockMaker.createMock(InlineDelegateByteBuddyMockMaker.java:346)
	at org.mockito.internal.creation.bytebuddy.InlineByteBuddyMockMaker.createMock(InlineByteBuddyMockMaker.java:56)
	at org.mockito.internal.util.MockUtil.createMock(MockUtil.java:99)
	at org.mockito.internal.MockitoCore.mock(MockitoCore.java:84)
	at org.mockito.Mockito.mock(Mockito.java:2162)
	at org.mockito.Mockito.mock(Mockito.java:2077)
	... 1 more
Caused by: java.lang.IllegalArgumentException: Java 25 (69) is not supported by the current version of Byte Buddy which officially supports Java 24 (68) - update Byte Buddy or set net.bytebuddy.experimental as a VM property
	at net.bytebuddy.utility.OpenedClassReader.of(OpenedClassReader.java:120)
	at net.bytebuddy.utility.OpenedClassReader.of(OpenedClassReader.java:95)
	at net.bytebuddy.utility.AsmClassReader$Factory$Default.make(AsmClassReader.java:82)
	at net.bytebuddy.dynamic.scaffold.TypeWriter$Default$ForInlining.create(TypeWriter.java:4036)
	at net.bytebuddy.dynamic.scaffold.TypeWriter$Default.make(TypeWriter.java:2246)
	at net.bytebuddy.dynamic.DynamicType$Builder$AbstractBase$UsingTypeWriter.make(DynamicType.java:4057)
	at net.bytebuddy.dynamic.DynamicType$Builder$AbstractBase.make(DynamicType.java:3741)
	at org.mockito.internal.creation.bytebuddy.InlineBytecodeGenerator.transform(InlineBytecodeGenerator.java:402)
	at java.instrument/java.lang.instrument.ClassFileTransformer.transform(ClassFileTransformer.java:257)
	at java.instrument/sun.instrument.TransformerManager.transform(TransformerManager.java:188)
	at java.instrument/sun.instrument.InstrumentationImpl.transform(InstrumentationImpl.java:594)
	at java.instrument/sun.instrument.InstrumentationImpl.retransformClasses0(Native Method)
	at java.instrument/sun.instrument.InstrumentationImpl.retransformClasses(InstrumentationImpl.java:221)
	at org.mockito.internal.creation.bytebuddy.InlineBytecodeGenerator.triggerRetransformation(InlineBytecodeGenerator.java:281)
	... 16 more

[ERROR] JuegoLogicTest.testTodasCombinacionesGanadoras -- Time elapsed: 0.053 s <<< ERROR!
org.mockito.exceptions.base.MockitoException: 

Mockito cannot mock this class: class java.net.Socket.

If you're not sure why you're getting this error, please open an issue on GitHub.


Java               : 25
JVM vendor name    : Oracle Corporation
JVM vendor version : 25.0.1+8-LTS-27
JVM name           : Java HotSpot(TM) 64-Bit Server VM
JVM version        : 25.0.1+8-LTS-27
JVM info           : mixed mode, sharing
OS name            : Windows 11
OS version         : 10.0


You are seeing this disclaimer because Mockito is configured to create inlined mocks.
You can learn about inline mocks and their limitations under item #39 of the Mockito class javadoc.

Underlying exception : org.mockito.exceptions.base.MockitoException: Could not modify all classes [interface java.io.Closeable, interface java.lang.AutoCloseable, class java.lang.Object, class java.net.Socket]
	at JuegoLogicTest.setUp(JuegoLogicTest.java:30)
Caused by: org.mockito.exceptions.base.MockitoException: Could not modify all classes [interface java.io.Closeable, interface java.lang.AutoCloseable, class java.lang.Object, class java.net.Socket]
	at net.bytebuddy.TypeCache.findOrInsert(TypeCache.java:168)
	at net.bytebuddy.TypeCache$WithInlineExpunction.findOrInsert(TypeCache.java:399)
	at net.bytebuddy.TypeCache.findOrInsert(TypeCache.java:190)
	at net.bytebuddy.TypeCache$WithInlineExpunction.findOrInsert(TypeCache.java:410)
	... 1 more
Caused by: java.lang.IllegalStateException: 
Byte Buddy could not instrument all classes within the mock's type hierarchy

This problem should never occur for javac-compiled classes. This problem has been observed for classes that are:
 - Compiled by older versions of scalac
 - Classes that are part of the Android distribution
	at org.mockito.internal.creation.bytebuddy.InlineBytecodeGenerator.triggerRetransformation(InlineBytecodeGenerator.java:285)
	at org.mockito.internal.creation.bytebuddy.InlineBytecodeGenerator.mockClass(InlineBytecodeGenerator.java:218)
	at org.mockito.internal.creation.bytebuddy.TypeCachingBytecodeGenerator.lambda$mockClass$0(TypeCachingBytecodeGenerator.java:78)
	at net.bytebuddy.TypeCache.findOrInsert(TypeCache.java:168)
	at net.bytebuddy.TypeCache$WithInlineExpunction.findOrInsert(TypeCache.java:399)
	at net.bytebuddy.TypeCache.findOrInsert(TypeCache.java:190)
	at net.bytebuddy.TypeCache$WithInlineExpunction.findOrInsert(TypeCache.java:410)
	at org.mockito.internal.creation.bytebuddy.TypeCachingBytecodeGenerator.mockClass(TypeCachingBytecodeGenerator.java:75)
	at org.mockito.internal.creation.bytebuddy.InlineDelegateByteBuddyMockMaker.createMockType(InlineDelegateByteBuddyMockMaker.java:408)
	at org.mockito.internal.creation.bytebuddy.InlineDelegateByteBuddyMockMaker.doCreateMock(InlineDelegateByteBuddyMockMaker.java:367)
	at org.mockito.internal.creation.bytebuddy.InlineDelegateByteBuddyMockMaker.createMock(InlineDelegateByteBuddyMockMaker.java:346)
	at org.mockito.internal.creation.bytebuddy.InlineByteBuddyMockMaker.createMock(InlineByteBuddyMockMaker.java:56)
	at org.mockito.internal.util.MockUtil.createMock(MockUtil.java:99)
	at org.mockito.internal.MockitoCore.mock(MockitoCore.java:84)
	at org.mockito.Mockito.mock(Mockito.java:2162)
	at org.mockito.Mockito.mock(Mockito.java:2077)
	... 1 more
Caused by: java.lang.IllegalArgumentException: Java 25 (69) is not supported by the current version of Byte Buddy which officially supports Java 24 (68) - update Byte Buddy or set net.bytebuddy.experimental as a VM property
	at net.bytebuddy.utility.OpenedClassReader.of(OpenedClassReader.java:120)
	at net.bytebuddy.utility.OpenedClassReader.of(OpenedClassReader.java:95)
	at net.bytebuddy.utility.AsmClassReader$Factory$Default.make(AsmClassReader.java:82)
	at net.bytebuddy.dynamic.scaffold.TypeWriter$Default$ForInlining.create(TypeWriter.java:4036)
	at net.bytebuddy.dynamic.scaffold.TypeWriter$Default.make(TypeWriter.java:2246)
	at net.bytebuddy.dynamic.DynamicType$Builder$AbstractBase$UsingTypeWriter.make(DynamicType.java:4057)
	at net.bytebuddy.dynamic.DynamicType$Builder$AbstractBase.make(DynamicType.java:3741)
	at org.mockito.internal.creation.bytebuddy.InlineBytecodeGenerator.transform(InlineBytecodeGenerator.java:402)
	at java.instrument/java.lang.instrument.ClassFileTransformer.transform(ClassFileTransformer.java:257)
	at java.instrument/sun.instrument.TransformerManager.transform(TransformerManager.java:188)
	at java.instrument/sun.instrument.InstrumentationImpl.transform(InstrumentationImpl.java:594)
	at java.instrument/sun.instrument.InstrumentationImpl.retransformClasses0(Native Method)
	at java.instrument/sun.instrument.InstrumentationImpl.retransformClasses(InstrumentationImpl.java:221)
	at org.mockito.internal.creation.bytebuddy.InlineBytecodeGenerator.triggerRetransformation(InlineBytecodeGenerator.java:281)
	... 16 more

[ERROR] JuegoLogicTest.testDetectarVictoriaJugadorO -- Time elapsed: 0.039 s <<< ERROR!
org.mockito.exceptions.base.MockitoException: 

Mockito cannot mock this class: class java.net.Socket.

If you're not sure why you're getting this error, please open an issue on GitHub.


Java               : 25
JVM vendor name    : Oracle Corporation
JVM vendor version : 25.0.1+8-LTS-27
JVM name           : Java HotSpot(TM) 64-Bit Server VM
JVM version        : 25.0.1+8-LTS-27
JVM info           : mixed mode, sharing
OS name            : Windows 11
OS version         : 10.0


You are seeing this disclaimer because Mockito is configured to create inlined mocks.
You can learn about inline mocks and their limitations under item #39 of the Mockito class javadoc.

Underlying exception : org.mockito.exceptions.base.MockitoException: Could not modify all classes [interface java.io.Closeable, interface java.lang.AutoCloseable, class java.lang.Object, class java.net.Socket]
	at JuegoLogicTest.setUp(JuegoLogicTest.java:30)
Caused by: org.mockito.exceptions.base.MockitoException: Could not modify all classes [interface java.io.Closeable, interface java.lang.AutoCloseable, class java.lang.Object, class java.net.Socket]
	at net.bytebuddy.TypeCache.findOrInsert(TypeCache.java:168)
	at net.bytebuddy.TypeCache$WithInlineExpunction.findOrInsert(TypeCache.java:399)
	at net.bytebuddy.TypeCache.findOrInsert(TypeCache.java:190)
	at net.bytebuddy.TypeCache$WithInlineExpunction.findOrInsert(TypeCache.java:410)
	... 1 more
Caused by: java.lang.IllegalStateException: 
Byte Buddy could not instrument all classes within the mock's type hierarchy

This problem should never occur for javac-compiled classes. This problem has been observed for classes that are:
 - Compiled by older versions of scalac
 - Classes that are part of the Android distribution
	at org.mockito.internal.creation.bytebuddy.InlineBytecodeGenerator.triggerRetransformation(InlineBytecodeGenerator.java:285)
	at org.mockito.internal.creation.bytebuddy.InlineBytecodeGenerator.mockClass(InlineBytecodeGenerator.java:218)
	at org.mockito.internal.creation.bytebuddy.TypeCachingBytecodeGenerator.lambda$mockClass$0(TypeCachingBytecodeGenerator.java:78)
	at net.bytebuddy.TypeCache.findOrInsert(TypeCache.java:168)
	at net.bytebuddy.TypeCache$WithInlineExpunction.findOrInsert(TypeCache.java:399)
	at net.bytebuddy.TypeCache.findOrInsert(TypeCache.java:190)
	at net.bytebuddy.TypeCache$WithInlineExpunction.findOrInsert(TypeCache.java:410)
	at org.mockito.internal.creation.bytebuddy.TypeCachingBytecodeGenerator.mockClass(TypeCachingBytecodeGenerator.java:75)
	at org.mockito.internal.creation.bytebuddy.InlineDelegateByteBuddyMockMaker.createMockType(InlineDelegateByteBuddyMockMaker.java:408)
	at org.mockito.internal.creation.bytebuddy.InlineDelegateByteBuddyMockMaker.doCreateMock(InlineDelegateByteBuddyMockMaker.java:367)
	at org.mockito.internal.creation.bytebuddy.InlineDelegateByteBuddyMockMaker.createMock(InlineDelegateByteBuddyMockMaker.java:346)
	at org.mockito.internal.creation.bytebuddy.InlineByteBuddyMockMaker.createMock(InlineByteBuddyMockMaker.java:56)
	at org.mockito.internal.util.MockUtil.createMock(MockUtil.java:99)
	at org.mockito.internal.MockitoCore.mock(MockitoCore.java:84)
	at org.mockito.Mockito.mock(Mockito.java:2162)
	at org.mockito.Mockito.mock(Mockito.java:2077)
	... 1 more
Caused by: java.lang.IllegalArgumentException: Java 25 (69) is not supported by the current version of Byte Buddy which officially supports Java 24 (68) - update Byte Buddy or set net.bytebuddy.experimental as a VM property
	at net.bytebuddy.utility.OpenedClassReader.of(OpenedClassReader.java:120)
	at net.bytebuddy.utility.OpenedClassReader.of(OpenedClassReader.java:95)
	at net.bytebuddy.utility.AsmClassReader$Factory$Default.make(AsmClassReader.java:82)
	at net.bytebuddy.dynamic.scaffold.TypeWriter$Default$ForInlining.create(TypeWriter.java:4036)
	at net.bytebuddy.dynamic.scaffold.TypeWriter$Default.make(TypeWriter.java:2246)
	at net.bytebuddy.dynamic.DynamicType$Builder$AbstractBase$UsingTypeWriter.make(DynamicType.java:4057)
	at net.bytebuddy.dynamic.DynamicType$Builder$AbstractBase.make(DynamicType.java:3741)
	at org.mockito.internal.creation.bytebuddy.InlineBytecodeGenerator.transform(InlineBytecodeGenerator.java:402)
	at java.instrument/java.lang.instrument.ClassFileTransformer.transform(ClassFileTransformer.java:257)
	at java.instrument/sun.instrument.TransformerManager.transform(TransformerManager.java:188)
	at java.instrument/sun.instrument.InstrumentationImpl.transform(InstrumentationImpl.java:594)
	at java.instrument/sun.instrument.InstrumentationImpl.retransformClasses0(Native Method)
	at java.instrument/sun.instrument.InstrumentationImpl.retransformClasses(InstrumentationImpl.java:221)
	at org.mockito.internal.creation.bytebuddy.InlineBytecodeGenerator.triggerRetransformation(InlineBytecodeGenerator.java:281)
	... 16 more

[ERROR] JuegoLogicTest.testDetectarVictoriaDiagonal -- Time elapsed: 0.038 s <<< ERROR!
org.mockito.exceptions.base.MockitoException: 

Mockito cannot mock this class: class java.net.Socket.

If you're not sure why you're getting this error, please open an issue on GitHub.


Java               : 25
JVM vendor name    : Oracle Corporation
JVM vendor version : 25.0.1+8-LTS-27
JVM name           : Java HotSpot(TM) 64-Bit Server VM
JVM version        : 25.0.1+8-LTS-27
JVM info           : mixed mode, sharing
OS name            : Windows 11
OS version         : 10.0


You are seeing this disclaimer because Mockito is configured to create inlined mocks.
You can learn about inline mocks and their limitations under item #39 of the Mockito class javadoc.

Underlying exception : org.mockito.exceptions.base.MockitoException: Could not modify all classes [interface java.io.Closeable, interface java.lang.AutoCloseable, class java.lang.Object, class java.net.Socket]
	at JuegoLogicTest.setUp(JuegoLogicTest.java:30)
Caused by: org.mockito.exceptions.base.MockitoException: Could not modify all classes [interface java.io.Closeable, interface java.lang.AutoCloseable, class java.lang.Object, class java.net.Socket]
	at net.bytebuddy.TypeCache.findOrInsert(TypeCache.java:168)
	at net.bytebuddy.TypeCache$WithInlineExpunction.findOrInsert(TypeCache.java:399)
	at net.bytebuddy.TypeCache.findOrInsert(TypeCache.java:190)
	at net.bytebuddy.TypeCache$WithInlineExpunction.findOrInsert(TypeCache.java:410)
	... 1 more
Caused by: java.lang.IllegalStateException: 
Byte Buddy could not instrument all classes within the mock's type hierarchy

This problem should never occur for javac-compiled classes. This problem has been observed for classes that are:
 - Compiled by older versions of scalac
 - Classes that are part of the Android distribution
	at org.mockito.internal.creation.bytebuddy.InlineBytecodeGenerator.triggerRetransformation(InlineBytecodeGenerator.java:285)
	at org.mockito.internal.creation.bytebuddy.InlineBytecodeGenerator.mockClass(InlineBytecodeGenerator.java:218)
	at org.mockito.internal.creation.bytebuddy.TypeCachingBytecodeGenerator.lambda$mockClass$0(TypeCachingBytecodeGenerator.java:78)
	at net.bytebuddy.TypeCache.findOrInsert(TypeCache.java:168)
	at net.bytebuddy.TypeCache$WithInlineExpunction.findOrInsert(TypeCache.java:399)
	at net.bytebuddy.TypeCache.findOrInsert(TypeCache.java:190)
	at net.bytebuddy.TypeCache$WithInlineExpunction.findOrInsert(TypeCache.java:410)
	at org.mockito.internal.creation.bytebuddy.TypeCachingBytecodeGenerator.mockClass(TypeCachingBytecodeGenerator.java:75)
	at org.mockito.internal.creation.bytebuddy.InlineDelegateByteBuddyMockMaker.createMockType(InlineDelegateByteBuddyMockMaker.java:408)
	at org.mockito.internal.creation.bytebuddy.InlineDelegateByteBuddyMockMaker.doCreateMock(InlineDelegateByteBuddyMockMaker.java:367)
	at org.mockito.internal.creation.bytebuddy.InlineDelegateByteBuddyMockMaker.createMock(InlineDelegateByteBuddyMockMaker.java:346)
	at org.mockito.internal.creation.bytebuddy.InlineByteBuddyMockMaker.createMock(InlineByteBuddyMockMaker.java:56)
	at org.mockito.internal.util.MockUtil.createMock(MockUtil.java:99)
	at org.mockito.internal.MockitoCore.mock(MockitoCore.java:84)
	at org.mockito.Mockito.mock(Mockito.java:2162)
	at org.mockito.Mockito.mock(Mockito.java:2077)
	... 1 more
Caused by: java.lang.IllegalArgumentException: Java 25 (69) is not supported by the current version of Byte Buddy which officially supports Java 24 (68) - update Byte Buddy or set net.bytebuddy.experimental as a VM property
	at net.bytebuddy.utility.OpenedClassReader.of(OpenedClassReader.java:120)
	at net.bytebuddy.utility.OpenedClassReader.of(OpenedClassReader.java:95)
	at net.bytebuddy.utility.AsmClassReader$Factory$Default.make(AsmClassReader.java:82)
	at net.bytebuddy.dynamic.scaffold.TypeWriter$Default$ForInlining.create(TypeWriter.java:4036)
	at net.bytebuddy.dynamic.scaffold.TypeWriter$Default.make(TypeWriter.java:2246)
	at net.bytebuddy.dynamic.DynamicType$Builder$AbstractBase$UsingTypeWriter.make(DynamicType.java:4057)
	at net.bytebuddy.dynamic.DynamicType$Builder$AbstractBase.make(DynamicType.java:3741)
	at org.mockito.internal.creation.bytebuddy.InlineBytecodeGenerator.transform(InlineBytecodeGenerator.java:402)
	at java.instrument/java.lang.instrument.ClassFileTransformer.transform(ClassFileTransformer.java:257)
	at java.instrument/sun.instrument.TransformerManager.transform(TransformerManager.java:188)
	at java.instrument/sun.instrument.InstrumentationImpl.transform(InstrumentationImpl.java:594)
	at java.instrument/sun.instrument.InstrumentationImpl.retransformClasses0(Native Method)
	at java.instrument/sun.instrument.InstrumentationImpl.retransformClasses(InstrumentationImpl.java:221)
	at org.mockito.internal.creation.bytebuddy.InlineBytecodeGenerator.triggerRetransformation(InlineBytecodeGenerator.java:281)
	... 16 more

[ERROR] JuegoLogicTest.testEstadoInicial -- Time elapsed: 0.039 s <<< ERROR!
org.mockito.exceptions.base.MockitoException: 

Mockito cannot mock this class: class java.net.Socket.

If you're not sure why you're getting this error, please open an issue on GitHub.


Java               : 25
JVM vendor name    : Oracle Corporation
JVM vendor version : 25.0.1+8-LTS-27
JVM name           : Java HotSpot(TM) 64-Bit Server VM
JVM version        : 25.0.1+8-LTS-27
JVM info           : mixed mode, sharing
OS name            : Windows 11
OS version         : 10.0


You are seeing this disclaimer because Mockito is configured to create inlined mocks.
You can learn about inline mocks and their limitations under item #39 of the Mockito class javadoc.

Underlying exception : org.mockito.exceptions.base.MockitoException: Could not modify all classes [interface java.io.Closeable, interface java.lang.AutoCloseable, class java.lang.Object, class java.net.Socket]
	at JuegoLogicTest.setUp(JuegoLogicTest.java:30)
Caused by: org.mockito.exceptions.base.MockitoException: Could not modify all classes [interface java.io.Closeable, interface java.lang.AutoCloseable, class java.lang.Object, class java.net.Socket]
	at net.bytebuddy.TypeCache.findOrInsert(TypeCache.java:168)
	at net.bytebuddy.TypeCache$WithInlineExpunction.findOrInsert(TypeCache.java:399)
	at net.bytebuddy.TypeCache.findOrInsert(TypeCache.java:190)
	at net.bytebuddy.TypeCache$WithInlineExpunction.findOrInsert(TypeCache.java:410)
	... 1 more
Caused by: java.lang.IllegalStateException: 
Byte Buddy could not instrument all classes within the mock's type hierarchy

This problem should never occur for javac-compiled classes. This problem has been observed for classes that are:
 - Compiled by older versions of scalac
 - Classes that are part of the Android distribution
	at org.mockito.internal.creation.bytebuddy.InlineBytecodeGenerator.triggerRetransformation(InlineBytecodeGenerator.java:285)
	at org.mockito.internal.creation.bytebuddy.InlineBytecodeGenerator.mockClass(InlineBytecodeGenerator.java:218)
	at org.mockito.internal.creation.bytebuddy.TypeCachingBytecodeGenerator.lambda$mockClass$0(TypeCachingBytecodeGenerator.java:78)
	at net.bytebuddy.TypeCache.findOrInsert(TypeCache.java:168)
	at net.bytebuddy.TypeCache$WithInlineExpunction.findOrInsert(TypeCache.java:399)
	at net.bytebuddy.TypeCache.findOrInsert(TypeCache.java:190)
	at net.bytebuddy.TypeCache$WithInlineExpunction.findOrInsert(TypeCache.java:410)
	at org.mockito.internal.creation.bytebuddy.TypeCachingBytecodeGenerator.mockClass(TypeCachingBytecodeGenerator.java:75)
	at org.mockito.internal.creation.bytebuddy.InlineDelegateByteBuddyMockMaker.createMockType(InlineDelegateByteBuddyMockMaker.java:408)
	at org.mockito.internal.creation.bytebuddy.InlineDelegateByteBuddyMockMaker.doCreateMock(InlineDelegateByteBuddyMockMaker.java:367)
	at org.mockito.internal.creation.bytebuddy.InlineDelegateByteBuddyMockMaker.createMock(InlineDelegateByteBuddyMockMaker.java:346)
	at org.mockito.internal.creation.bytebuddy.InlineByteBuddyMockMaker.createMock(InlineByteBuddyMockMaker.java:56)
	at org.mockito.internal.util.MockUtil.createMock(MockUtil.java:99)
	at org.mockito.internal.MockitoCore.mock(MockitoCore.java:84)
	at org.mockito.Mockito.mock(Mockito.java:2162)
	at org.mockito.Mockito.mock(Mockito.java:2077)
	... 1 more
Caused by: java.lang.IllegalArgumentException: Java 25 (69) is not supported by the current version of Byte Buddy which officially supports Java 24 (68) - update Byte Buddy or set net.bytebuddy.experimental as a VM property
	at net.bytebuddy.utility.OpenedClassReader.of(OpenedClassReader.java:120)
	at net.bytebuddy.utility.OpenedClassReader.of(OpenedClassReader.java:95)
	at net.bytebuddy.utility.AsmClassReader$Factory$Default.make(AsmClassReader.java:82)
	at net.bytebuddy.dynamic.scaffold.TypeWriter$Default$ForInlining.create(TypeWriter.java:4036)
	at net.bytebuddy.dynamic.scaffold.TypeWriter$Default.make(TypeWriter.java:2246)
	at net.bytebuddy.dynamic.DynamicType$Builder$AbstractBase$UsingTypeWriter.make(DynamicType.java:4057)
	at net.bytebuddy.dynamic.DynamicType$Builder$AbstractBase.make(DynamicType.java:3741)
	at org.mockito.internal.creation.bytebuddy.InlineBytecodeGenerator.transform(InlineBytecodeGenerator.java:402)
	at java.instrument/java.lang.instrument.ClassFileTransformer.transform(ClassFileTransformer.java:257)
	at java.instrument/sun.instrument.TransformerManager.transform(TransformerManager.java:188)
	at java.instrument/sun.instrument.InstrumentationImpl.transform(InstrumentationImpl.java:594)
	at java.instrument/sun.instrument.InstrumentationImpl.retransformClasses0(Native Method)
	at java.instrument/sun.instrument.InstrumentationImpl.retransformClasses(InstrumentationImpl.java:221)
	at org.mockito.internal.creation.bytebuddy.InlineBytecodeGenerator.triggerRetransformation(InlineBytecodeGenerator.java:281)
	... 16 more

[ERROR] JuegoLogicTest.testJuegoNoTerminado -- Time elapsed: 0.047 s <<< ERROR!
org.mockito.exceptions.base.MockitoException: 

Mockito cannot mock this class: class java.net.Socket.

If you're not sure why you're getting this error, please open an issue on GitHub.


Java               : 25
JVM vendor name    : Oracle Corporation
JVM vendor version : 25.0.1+8-LTS-27
JVM name           : Java HotSpot(TM) 64-Bit Server VM
JVM version        : 25.0.1+8-LTS-27
JVM info           : mixed mode, sharing
OS name            : Windows 11
OS version         : 10.0


You are seeing this disclaimer because Mockito is configured to create inlined mocks.
You can learn about inline mocks and their limitations under item #39 of the Mockito class javadoc.

Underlying exception : org.mockito.exceptions.base.MockitoException: Could not modify all classes [interface java.io.Closeable, interface java.lang.AutoCloseable, class java.lang.Object, class java.net.Socket]
	at JuegoLogicTest.setUp(JuegoLogicTest.java:30)
Caused by: org.mockito.exceptions.base.MockitoException: Could not modify all classes [interface java.io.Closeable, interface java.lang.AutoCloseable, class java.lang.Object, class java.net.Socket]
	at net.bytebuddy.TypeCache.findOrInsert(TypeCache.java:168)
	at net.bytebuddy.TypeCache$WithInlineExpunction.findOrInsert(TypeCache.java:399)
	at net.bytebuddy.TypeCache.findOrInsert(TypeCache.java:190)
	at net.bytebuddy.TypeCache$WithInlineExpunction.findOrInsert(TypeCache.java:410)
	... 1 more
Caused by: java.lang.IllegalStateException: 
Byte Buddy could not instrument all classes within the mock's type hierarchy

This problem should never occur for javac-compiled classes. This problem has been observed for classes that are:
 - Compiled by older versions of scalac
 - Classes that are part of the Android distribution
	at org.mockito.internal.creation.bytebuddy.InlineBytecodeGenerator.triggerRetransformation(InlineBytecodeGenerator.java:285)
	at org.mockito.internal.creation.bytebuddy.InlineBytecodeGenerator.mockClass(InlineBytecodeGenerator.java:218)
	at org.mockito.internal.creation.bytebuddy.TypeCachingBytecodeGenerator.lambda$mockClass$0(TypeCachingBytecodeGenerator.java:78)
	at net.bytebuddy.TypeCache.findOrInsert(TypeCache.java:168)
	at net.bytebuddy.TypeCache$WithInlineExpunction.findOrInsert(TypeCache.java:399)
	at net.bytebuddy.TypeCache.findOrInsert(TypeCache.java:190)
	at net.bytebuddy.TypeCache$WithInlineExpunction.findOrInsert(TypeCache.java:410)
	at org.mockito.internal.creation.bytebuddy.TypeCachingBytecodeGenerator.mockClass(TypeCachingBytecodeGenerator.java:75)
	at org.mockito.internal.creation.bytebuddy.InlineDelegateByteBuddyMockMaker.createMockType(InlineDelegateByteBuddyMockMaker.java:408)
	at org.mockito.internal.creation.bytebuddy.InlineDelegateByteBuddyMockMaker.doCreateMock(InlineDelegateByteBuddyMockMaker.java:367)
	at org.mockito.internal.creation.bytebuddy.InlineDelegateByteBuddyMockMaker.createMock(InlineDelegateByteBuddyMockMaker.java:346)
	at org.mockito.internal.creation.bytebuddy.InlineByteBuddyMockMaker.createMock(InlineByteBuddyMockMaker.java:56)
	at org.mockito.internal.util.MockUtil.createMock(MockUtil.java:99)
	at org.mockito.internal.MockitoCore.mock(MockitoCore.java:84)
	at org.mockito.Mockito.mock(Mockito.java:2162)
	at org.mockito.Mockito.mock(Mockito.java:2077)
	... 1 more
Caused by: java.lang.IllegalArgumentException: Java 25 (69) is not supported by the current version of Byte Buddy which officially supports Java 24 (68) - update Byte Buddy or set net.bytebuddy.experimental as a VM property
	at net.bytebuddy.utility.OpenedClassReader.of(OpenedClassReader.java:120)
	at net.bytebuddy.utility.OpenedClassReader.of(OpenedClassReader.java:95)
	at net.bytebuddy.utility.AsmClassReader$Factory$Default.make(AsmClassReader.java:82)
	at net.bytebuddy.dynamic.scaffold.TypeWriter$Default$ForInlining.create(TypeWriter.java:4036)
	at net.bytebuddy.dynamic.scaffold.TypeWriter$Default.make(TypeWriter.java:2246)
	at net.bytebuddy.dynamic.DynamicType$Builder$AbstractBase$UsingTypeWriter.make(DynamicType.java:4057)
	at net.bytebuddy.dynamic.DynamicType$Builder$AbstractBase.make(DynamicType.java:3741)
	at org.mockito.internal.creation.bytebuddy.InlineBytecodeGenerator.transform(InlineBytecodeGenerator.java:402)
	at java.instrument/java.lang.instrument.ClassFileTransformer.transform(ClassFileTransformer.java:257)
	at java.instrument/sun.instrument.TransformerManager.transform(TransformerManager.java:188)
	at java.instrument/sun.instrument.InstrumentationImpl.transform(InstrumentationImpl.java:594)
	at java.instrument/sun.instrument.InstrumentationImpl.retransformClasses0(Native Method)
	at java.instrument/sun.instrument.InstrumentationImpl.retransformClasses(InstrumentationImpl.java:221)
	at org.mockito.internal.creation.bytebuddy.InlineBytecodeGenerator.triggerRetransformation(InlineBytecodeGenerator.java:281)
	... 16 more

[ERROR] JuegoLogicTest.testInicializacionJuego -- Time elapsed: 0.051 s <<< ERROR!
org.mockito.exceptions.base.MockitoException: 

Mockito cannot mock this class: class java.net.Socket.

If you're not sure why you're getting this error, please open an issue on GitHub.


Java               : 25
JVM vendor name    : Oracle Corporation
JVM vendor version : 25.0.1+8-LTS-27
JVM name           : Java HotSpot(TM) 64-Bit Server VM
JVM version        : 25.0.1+8-LTS-27
JVM info           : mixed mode, sharing
OS name            : Windows 11
OS version         : 10.0


You are seeing this disclaimer because Mockito is configured to create inlined mocks.
You can learn about inline mocks and their limitations under item #39 of the Mockito class javadoc.

Underlying exception : org.mockito.exceptions.base.MockitoException: Could not modify all classes [interface java.io.Closeable, interface java.lang.AutoCloseable, class java.lang.Object, class java.net.Socket]
	at JuegoLogicTest.setUp(JuegoLogicTest.java:30)
Caused by: org.mockito.exceptions.base.MockitoException: Could not modify all classes [interface java.io.Closeable, interface java.lang.AutoCloseable, class java.lang.Object, class java.net.Socket]
	at net.bytebuddy.TypeCache.findOrInsert(TypeCache.java:168)
	at net.bytebuddy.TypeCache$WithInlineExpunction.findOrInsert(TypeCache.java:399)
	at net.bytebuddy.TypeCache.findOrInsert(TypeCache.java:190)
	at net.bytebuddy.TypeCache$WithInlineExpunction.findOrInsert(TypeCache.java:410)
	... 1 more
Caused by: java.lang.IllegalStateException: 
Byte Buddy could not instrument all classes within the mock's type hierarchy

This problem should never occur for javac-compiled classes. This problem has been observed for classes that are:
 - Compiled by older versions of scalac
 - Classes that are part of the Android distribution
	at org.mockito.internal.creation.bytebuddy.InlineBytecodeGenerator.triggerRetransformation(InlineBytecodeGenerator.java:285)
	at org.mockito.internal.creation.bytebuddy.InlineBytecodeGenerator.mockClass(InlineBytecodeGenerator.java:218)
	at org.mockito.internal.creation.bytebuddy.TypeCachingBytecodeGenerator.lambda$mockClass$0(TypeCachingBytecodeGenerator.java:78)
	at net.bytebuddy.TypeCache.findOrInsert(TypeCache.java:168)
	at net.bytebuddy.TypeCache$WithInlineExpunction.findOrInsert(TypeCache.java:399)
	at net.bytebuddy.TypeCache.findOrInsert(TypeCache.java:190)
	at net.bytebuddy.TypeCache$WithInlineExpunction.findOrInsert(TypeCache.java:410)
	at org.mockito.internal.creation.bytebuddy.TypeCachingBytecodeGenerator.mockClass(TypeCachingBytecodeGenerator.java:75)
	at org.mockito.internal.creation.bytebuddy.InlineDelegateByteBuddyMockMaker.createMockType(InlineDelegateByteBuddyMockMaker.java:408)
	at org.mockito.internal.creation.bytebuddy.InlineDelegateByteBuddyMockMaker.doCreateMock(InlineDelegateByteBuddyMockMaker.java:367)
	at org.mockito.internal.creation.bytebuddy.InlineDelegateByteBuddyMockMaker.createMock(InlineDelegateByteBuddyMockMaker.java:346)
	at org.mockito.internal.creation.bytebuddy.InlineByteBuddyMockMaker.createMock(InlineByteBuddyMockMaker.java:56)
	at org.mockito.internal.util.MockUtil.createMock(MockUtil.java:99)
	at org.mockito.internal.MockitoCore.mock(MockitoCore.java:84)
	at org.mockito.Mockito.mock(Mockito.java:2162)
	at org.mockito.Mockito.mock(Mockito.java:2077)
	... 1 more
Caused by: java.lang.IllegalArgumentException: Java 25 (69) is not supported by the current version of Byte Buddy which officially supports Java 24 (68) - update Byte Buddy or set net.bytebuddy.experimental as a VM property
	at net.bytebuddy.utility.OpenedClassReader.of(OpenedClassReader.java:120)
	at net.bytebuddy.utility.OpenedClassReader.of(OpenedClassReader.java:95)
	at net.bytebuddy.utility.AsmClassReader$Factory$Default.make(AsmClassReader.java:82)
	at net.bytebuddy.dynamic.scaffold.TypeWriter$Default$ForInlining.create(TypeWriter.java:4036)
	at net.bytebuddy.dynamic.scaffold.TypeWriter$Default.make(TypeWriter.java:2246)
	at net.bytebuddy.dynamic.DynamicType$Builder$AbstractBase$UsingTypeWriter.make(DynamicType.java:4057)
	at net.bytebuddy.dynamic.DynamicType$Builder$AbstractBase.make(DynamicType.java:3741)
	at org.mockito.internal.creation.bytebuddy.InlineBytecodeGenerator.transform(InlineBytecodeGenerator.java:402)
	at java.instrument/java.lang.instrument.ClassFileTransformer.transform(ClassFileTransformer.java:257)
	at java.instrument/sun.instrument.TransformerManager.transform(TransformerManager.java:188)
	at java.instrument/sun.instrument.InstrumentationImpl.transform(InstrumentationImpl.java:594)
	at java.instrument/sun.instrument.InstrumentationImpl.retransformClasses0(Native Method)
	at java.instrument/sun.instrument.InstrumentationImpl.retransformClasses(InstrumentationImpl.java:221)
	at org.mockito.internal.creation.bytebuddy.InlineBytecodeGenerator.triggerRetransformation(InlineBytecodeGenerator.java:281)
	... 16 more

[ERROR] JuegoLogicTest.testNoGanaOCuandoXGana -- Time elapsed: 0.051 s <<< ERROR!
org.mockito.exceptions.base.MockitoException: 

Mockito cannot mock this class: class java.net.Socket.

If you're not sure why you're getting this error, please open an issue on GitHub.


Java               : 25
JVM vendor name    : Oracle Corporation
JVM vendor version : 25.0.1+8-LTS-27
JVM name           : Java HotSpot(TM) 64-Bit Server VM
JVM version        : 25.0.1+8-LTS-27
JVM info           : mixed mode, sharing
OS name            : Windows 11
OS version         : 10.0


You are seeing this disclaimer because Mockito is configured to create inlined mocks.
You can learn about inline mocks and their limitations under item #39 of the Mockito class javadoc.

Underlying exception : org.mockito.exceptions.base.MockitoException: Could not modify all classes [interface java.io.Closeable, interface java.lang.AutoCloseable, class java.lang.Object, class java.net.Socket]
	at JuegoLogicTest.setUp(JuegoLogicTest.java:30)
Caused by: org.mockito.exceptions.base.MockitoException: Could not modify all classes [interface java.io.Closeable, interface java.lang.AutoCloseable, class java.lang.Object, class java.net.Socket]
	at net.bytebuddy.TypeCache.findOrInsert(TypeCache.java:168)
	at net.bytebuddy.TypeCache$WithInlineExpunction.findOrInsert(TypeCache.java:399)
	at net.bytebuddy.TypeCache.findOrInsert(TypeCache.java:190)
	at net.bytebuddy.TypeCache$WithInlineExpunction.findOrInsert(TypeCache.java:410)
	... 1 more
Caused by: java.lang.IllegalStateException: 
Byte Buddy could not instrument all classes within the mock's type hierarchy

This problem should never occur for javac-compiled classes. This problem has been observed for classes that are:
 - Compiled by older versions of scalac
 - Classes that are part of the Android distribution
	at org.mockito.internal.creation.bytebuddy.InlineBytecodeGenerator.triggerRetransformation(InlineBytecodeGenerator.java:285)
	at org.mockito.internal.creation.bytebuddy.InlineBytecodeGenerator.mockClass(InlineBytecodeGenerator.java:218)
	at org.mockito.internal.creation.bytebuddy.TypeCachingBytecodeGenerator.lambda$mockClass$0(TypeCachingBytecodeGenerator.java:78)
	at net.bytebuddy.TypeCache.findOrInsert(TypeCache.java:168)
	at net.bytebuddy.TypeCache$WithInlineExpunction.findOrInsert(TypeCache.java:399)
	at net.bytebuddy.TypeCache.findOrInsert(TypeCache.java:190)
	at net.bytebuddy.TypeCache$WithInlineExpunction.findOrInsert(TypeCache.java:410)
	at org.mockito.internal.creation.bytebuddy.TypeCachingBytecodeGenerator.mockClass(TypeCachingBytecodeGenerator.java:75)
	at org.mockito.internal.creation.bytebuddy.InlineDelegateByteBuddyMockMaker.createMockType(InlineDelegateByteBuddyMockMaker.java:408)
	at org.mockito.internal.creation.bytebuddy.InlineDelegateByteBuddyMockMaker.doCreateMock(InlineDelegateByteBuddyMockMaker.java:367)
	at org.mockito.internal.creation.bytebuddy.InlineDelegateByteBuddyMockMaker.createMock(InlineDelegateByteBuddyMockMaker.java:346)
	at org.mockito.internal.creation.bytebuddy.InlineByteBuddyMockMaker.createMock(InlineByteBuddyMockMaker.java:56)
	at org.mockito.internal.util.MockUtil.createMock(MockUtil.java:99)
	at org.mockito.internal.MockitoCore.mock(MockitoCore.java:84)
	at org.mockito.Mockito.mock(Mockito.java:2162)
	at org.mockito.Mockito.mock(Mockito.java:2077)
	... 1 more
Caused by: java.lang.IllegalArgumentException: Java 25 (69) is not supported by the current version of Byte Buddy which officially supports Java 24 (68) - update Byte Buddy or set net.bytebuddy.experimental as a VM property
	at net.bytebuddy.utility.OpenedClassReader.of(OpenedClassReader.java:120)
	at net.bytebuddy.utility.OpenedClassReader.of(OpenedClassReader.java:95)
	at net.bytebuddy.utility.AsmClassReader$Factory$Default.make(AsmClassReader.java:82)
	at net.bytebuddy.dynamic.scaffold.TypeWriter$Default$ForInlining.create(TypeWriter.java:4036)
	at net.bytebuddy.dynamic.scaffold.TypeWriter$Default.make(TypeWriter.java:2246)
	at net.bytebuddy.dynamic.DynamicType$Builder$AbstractBase$UsingTypeWriter.make(DynamicType.java:4057)
	at net.bytebuddy.dynamic.DynamicType$Builder$AbstractBase.make(DynamicType.java:3741)
	at org.mockito.internal.creation.bytebuddy.InlineBytecodeGenerator.transform(InlineBytecodeGenerator.java:402)
	at java.instrument/java.lang.instrument.ClassFileTransformer.transform(ClassFileTransformer.java:257)
	at java.instrument/sun.instrument.TransformerManager.transform(TransformerManager.java:188)
	at java.instrument/sun.instrument.InstrumentationImpl.transform(InstrumentationImpl.java:594)
	at java.instrument/sun.instrument.InstrumentationImpl.retransformClasses0(Native Method)
	at java.instrument/sun.instrument.InstrumentationImpl.retransformClasses(InstrumentationImpl.java:221)
	at org.mockito.internal.creation.bytebuddy.InlineBytecodeGenerator.triggerRetransformation(InlineBytecodeGenerator.java:281)
	... 16 more

[ERROR] JuegoLogicTest.testDetectarEmpate -- Time elapsed: 0.054 s <<< ERROR!
org.mockito.exceptions.base.MockitoException: 

Mockito cannot mock this class: class java.net.Socket.

If you're not sure why you're getting this error, please open an issue on GitHub.


Java               : 25
JVM vendor name    : Oracle Corporation
JVM vendor version : 25.0.1+8-LTS-27
JVM name           : Java HotSpot(TM) 64-Bit Server VM
JVM version        : 25.0.1+8-LTS-27
JVM info           : mixed mode, sharing
OS name            : Windows 11
OS version         : 10.0


You are seeing this disclaimer because Mockito is configured to create inlined mocks.
You can learn about inline mocks and their limitations under item #39 of the Mockito class javadoc.

Underlying exception : org.mockito.exceptions.base.MockitoException: Could not modify all classes [interface java.io.Closeable, interface java.lang.AutoCloseable, class java.lang.Object, class java.net.Socket]
	at JuegoLogicTest.setUp(JuegoLogicTest.java:30)
Caused by: org.mockito.exceptions.base.MockitoException: Could not modify all classes [interface java.io.Closeable, interface java.lang.AutoCloseable, class java.lang.Object, class java.net.Socket]
	at net.bytebuddy.TypeCache.findOrInsert(TypeCache.java:168)
	at net.bytebuddy.TypeCache$WithInlineExpunction.findOrInsert(TypeCache.java:399)
	at net.bytebuddy.TypeCache.findOrInsert(TypeCache.java:190)
	at net.bytebuddy.TypeCache$WithInlineExpunction.findOrInsert(TypeCache.java:410)
	... 1 more
Caused by: java.lang.IllegalStateException: 
Byte Buddy could not instrument all classes within the mock's type hierarchy

This problem should never occur for javac-compiled classes. This problem has been observed for classes that are:
 - Compiled by older versions of scalac
 - Classes that are part of the Android distribution
	at org.mockito.internal.creation.bytebuddy.InlineBytecodeGenerator.triggerRetransformation(InlineBytecodeGenerator.java:285)
	at org.mockito.internal.creation.bytebuddy.InlineBytecodeGenerator.mockClass(InlineBytecodeGenerator.java:218)
	at org.mockito.internal.creation.bytebuddy.TypeCachingBytecodeGenerator.lambda$mockClass$0(TypeCachingBytecodeGenerator.java:78)
	at net.bytebuddy.TypeCache.findOrInsert(TypeCache.java:168)
	at net.bytebuddy.TypeCache$WithInlineExpunction.findOrInsert(TypeCache.java:399)
	at net.bytebuddy.TypeCache.findOrInsert(TypeCache.java:190)
	at net.bytebuddy.TypeCache$WithInlineExpunction.findOrInsert(TypeCache.java:410)
	at org.mockito.internal.creation.bytebuddy.TypeCachingBytecodeGenerator.mockClass(TypeCachingBytecodeGenerator.java:75)
	at org.mockito.internal.creation.bytebuddy.InlineDelegateByteBuddyMockMaker.createMockType(InlineDelegateByteBuddyMockMaker.java:408)
	at org.mockito.internal.creation.bytebuddy.InlineDelegateByteBuddyMockMaker.doCreateMock(InlineDelegateByteBuddyMockMaker.java:367)
	at org.mockito.internal.creation.bytebuddy.InlineDelegateByteBuddyMockMaker.createMock(InlineDelegateByteBuddyMockMaker.java:346)
	at org.mockito.internal.creation.bytebuddy.InlineByteBuddyMockMaker.createMock(InlineByteBuddyMockMaker.java:56)
	at org.mockito.internal.util.MockUtil.createMock(MockUtil.java:99)
	at org.mockito.internal.MockitoCore.mock(MockitoCore.java:84)
	at org.mockito.Mockito.mock(Mockito.java:2162)
	at org.mockito.Mockito.mock(Mockito.java:2077)
	... 1 more
Caused by: java.lang.IllegalArgumentException: Java 25 (69) is not supported by the current version of Byte Buddy which officially supports Java 24 (68) - update Byte Buddy or set net.bytebuddy.experimental as a VM property
	at net.bytebuddy.utility.OpenedClassReader.of(OpenedClassReader.java:120)
	at net.bytebuddy.utility.OpenedClassReader.of(OpenedClassReader.java:95)
	at net.bytebuddy.utility.AsmClassReader$Factory$Default.make(AsmClassReader.java:82)
	at net.bytebuddy.dynamic.scaffold.TypeWriter$Default$ForInlining.create(TypeWriter.java:4036)
	at net.bytebuddy.dynamic.scaffold.TypeWriter$Default.make(TypeWriter.java:2246)
	at net.bytebuddy.dynamic.DynamicType$Builder$AbstractBase$UsingTypeWriter.make(DynamicType.java:4057)
	at net.bytebuddy.dynamic.DynamicType$Builder$AbstractBase.make(DynamicType.java:3741)
	at org.mockito.internal.creation.bytebuddy.InlineBytecodeGenerator.transform(InlineBytecodeGenerator.java:402)
	at java.instrument/java.lang.instrument.ClassFileTransformer.transform(ClassFileTransformer.java:257)
	at java.instrument/sun.instrument.TransformerManager.transform(TransformerManager.java:188)
	at java.instrument/sun.instrument.InstrumentationImpl.transform(InstrumentationImpl.java:594)
	at java.instrument/sun.instrument.InstrumentationImpl.retransformClasses0(Native Method)
	at java.instrument/sun.instrument.InstrumentationImpl.retransformClasses(InstrumentationImpl.java:221)
	at org.mockito.internal.creation.bytebuddy.InlineBytecodeGenerator.triggerRetransformation(InlineBytecodeGenerator.java:281)
	... 16 more

[ERROR] JuegoLogicTest.testDetectarVictoriaVertical -- Time elapsed: 0.048 s <<< ERROR!
org.mockito.exceptions.base.MockitoException: 

Mockito cannot mock this class: class java.net.Socket.

If you're not sure why you're getting this error, please open an issue on GitHub.


Java               : 25
JVM vendor name    : Oracle Corporation
JVM vendor version : 25.0.1+8-LTS-27
JVM name           : Java HotSpot(TM) 64-Bit Server VM
JVM version        : 25.0.1+8-LTS-27
JVM info           : mixed mode, sharing
OS name            : Windows 11
OS version         : 10.0


You are seeing this disclaimer because Mockito is configured to create inlined mocks.
You can learn about inline mocks and their limitations under item #39 of the Mockito class javadoc.

Underlying exception : org.mockito.exceptions.base.MockitoException: Could not modify all classes [interface java.io.Closeable, interface java.lang.AutoCloseable, class java.lang.Object, class java.net.Socket]
	at JuegoLogicTest.setUp(JuegoLogicTest.java:30)
Caused by: org.mockito.exceptions.base.MockitoException: Could not modify all classes [interface java.io.Closeable, interface java.lang.AutoCloseable, class java.lang.Object, class java.net.Socket]
	at net.bytebuddy.TypeCache.findOrInsert(TypeCache.java:168)
	at net.bytebuddy.TypeCache$WithInlineExpunction.findOrInsert(TypeCache.java:399)
	at net.bytebuddy.TypeCache.findOrInsert(TypeCache.java:190)
	at net.bytebuddy.TypeCache$WithInlineExpunction.findOrInsert(TypeCache.java:410)
	... 1 more
Caused by: java.lang.IllegalStateException: 
Byte Buddy could not instrument all classes within the mock's type hierarchy

This problem should never occur for javac-compiled classes. This problem has been observed for classes that are:
 - Compiled by older versions of scalac
 - Classes that are part of the Android distribution
	at org.mockito.internal.creation.bytebuddy.InlineBytecodeGenerator.triggerRetransformation(InlineBytecodeGenerator.java:285)
	at org.mockito.internal.creation.bytebuddy.InlineBytecodeGenerator.mockClass(InlineBytecodeGenerator.java:218)
	at org.mockito.internal.creation.bytebuddy.TypeCachingBytecodeGenerator.lambda$mockClass$0(TypeCachingBytecodeGenerator.java:78)
	at net.bytebuddy.TypeCache.findOrInsert(TypeCache.java:168)
	at net.bytebuddy.TypeCache$WithInlineExpunction.findOrInsert(TypeCache.java:399)
	at net.bytebuddy.TypeCache.findOrInsert(TypeCache.java:190)
	at net.bytebuddy.TypeCache$WithInlineExpunction.findOrInsert(TypeCache.java:410)
	at org.mockito.internal.creation.bytebuddy.TypeCachingBytecodeGenerator.mockClass(TypeCachingBytecodeGenerator.java:75)
	at org.mockito.internal.creation.bytebuddy.InlineDelegateByteBuddyMockMaker.createMockType(InlineDelegateByteBuddyMockMaker.java:408)
	at org.mockito.internal.creation.bytebuddy.InlineDelegateByteBuddyMockMaker.doCreateMock(InlineDelegateByteBuddyMockMaker.java:367)
	at org.mockito.internal.creation.bytebuddy.InlineDelegateByteBuddyMockMaker.createMock(InlineDelegateByteBuddyMockMaker.java:346)
	at org.mockito.internal.creation.bytebuddy.InlineByteBuddyMockMaker.createMock(InlineByteBuddyMockMaker.java:56)
	at org.mockito.internal.util.MockUtil.createMock(MockUtil.java:99)
	at org.mockito.internal.MockitoCore.mock(MockitoCore.java:84)
	at org.mockito.Mockito.mock(Mockito.java:2162)
	at org.mockito.Mockito.mock(Mockito.java:2077)
	... 1 more
Caused by: java.lang.IllegalArgumentException: Java 25 (69) is not supported by the current version of Byte Buddy which officially supports Java 24 (68) - update Byte Buddy or set net.bytebuddy.experimental as a VM property
	at net.bytebuddy.utility.OpenedClassReader.of(OpenedClassReader.java:120)
	at net.bytebuddy.utility.OpenedClassReader.of(OpenedClassReader.java:95)
	at net.bytebuddy.utility.AsmClassReader$Factory$Default.make(AsmClassReader.java:82)
	at net.bytebuddy.dynamic.scaffold.TypeWriter$Default$ForInlining.create(TypeWriter.java:4036)
	at net.bytebuddy.dynamic.scaffold.TypeWriter$Default.make(TypeWriter.java:2246)
	at net.bytebuddy.dynamic.DynamicType$Builder$AbstractBase$UsingTypeWriter.make(DynamicType.java:4057)
	at net.bytebuddy.dynamic.DynamicType$Builder$AbstractBase.make(DynamicType.java:3741)
	at org.mockito.internal.creation.bytebuddy.InlineBytecodeGenerator.transform(InlineBytecodeGenerator.java:402)
	at java.instrument/java.lang.instrument.ClassFileTransformer.transform(ClassFileTransformer.java:257)
	at java.instrument/sun.instrument.TransformerManager.transform(TransformerManager.java:188)
	at java.instrument/sun.instrument.InstrumentationImpl.transform(InstrumentationImpl.java:594)
	at java.instrument/sun.instrument.InstrumentationImpl.retransformClasses0(Native Method)
	at java.instrument/sun.instrument.InstrumentationImpl.retransformClasses(InstrumentationImpl.java:221)
	at org.mockito.internal.creation.bytebuddy.InlineBytecodeGenerator.triggerRetransformation(InlineBytecodeGenerator.java:281)
	... 16 more

[DEBUG] Closing the fork 1 after saying GoodBye.
[INFO] 
[INFO] Results:
[INFO] 
[ERROR] Errors: 
[ERROR]   JuegoLogicTest.setUp:30 Mockito 
Mockito cannot mock this class: class java.net.Socket.

If you're not sure why you're getting this error, please open an issue on GitHub.


Java               : 25
JVM vendor name    : Oracle Corporation
JVM vendor version : 25.0.1+8-LTS-27
JVM name           : Java HotSpot(TM) 64-Bit Server VM
JVM version        : 25.0.1+8-LTS-27
JVM info           : mixed mode, sharing
OS name            : Windows 11
OS version         : 10.0


You are seeing this disclaimer because Mockito is configured to create inlined mocks.
You can learn about inline mocks and their limitations under item #39 of the Mockito class javadoc.

Underlying exception : org.mockito.exceptions.base.MockitoException: Could not modify all classes [interface java.io.Closeable, interface java.lang.AutoCloseable, class java.lang.Object, class java.net.Socket]
[ERROR]   JuegoLogicTest.setUp:30 Mockito 
Mockito cannot mock this class: class java.net.Socket.

If you're not sure why you're getting this error, please open an issue on GitHub.


Java               : 25
JVM vendor name    : Oracle Corporation
JVM vendor version : 25.0.1+8-LTS-27
JVM name           : Java HotSpot(TM) 64-Bit Server VM
JVM version        : 25.0.1+8-LTS-27
JVM info           : mixed mode, sharing
OS name            : Windows 11
OS version         : 10.0


You are seeing this disclaimer because Mockito is configured to create inlined mocks.
You can learn about inline mocks and their limitations under item #39 of the Mockito class javadoc.

Underlying exception : org.mockito.exceptions.base.MockitoException: Could not modify all classes [interface java.io.Closeable, interface java.lang.AutoCloseable, class java.lang.Object, class java.net.Socket]
[ERROR]   JuegoLogicTest.setUp:30 Mockito 
Mockito cannot mock this class: class java.net.Socket.

If you're not sure why you're getting this error, please open an issue on GitHub.


Java               : 25
JVM vendor name    : Oracle Corporation
JVM vendor version : 25.0.1+8-LTS-27
JVM name           : Java HotSpot(TM) 64-Bit Server VM
JVM version        : 25.0.1+8-LTS-27
JVM info           : mixed mode, sharing
OS name            : Windows 11
OS version         : 10.0


You are seeing this disclaimer because Mockito is configured to create inlined mocks.
You can learn about inline mocks and their limitations under item #39 of the Mockito class javadoc.

Underlying exception : org.mockito.exceptions.base.MockitoException: Could not modify all classes [interface java.io.Closeable, interface java.lang.AutoCloseable, class java.lang.Object, class java.net.Socket]
[ERROR]   JuegoLogicTest.setUp:30 Mockito 
Mockito cannot mock this class: class java.net.Socket.

If you're not sure why you're getting this error, please open an issue on GitHub.


Java               : 25
JVM vendor name    : Oracle Corporation
JVM vendor version : 25.0.1+8-LTS-27
JVM name           : Java HotSpot(TM) 64-Bit Server VM
JVM version        : 25.0.1+8-LTS-27
JVM info           : mixed mode, sharing
OS name            : Windows 11
OS version         : 10.0


You are seeing this disclaimer because Mockito is configured to create inlined mocks.
You can learn about inline mocks and their limitations under item #39 of the Mockito class javadoc.

Underlying exception : org.mockito.exceptions.base.MockitoException: Could not modify all classes [interface java.io.Closeable, interface java.lang.AutoCloseable, class java.lang.Object, class java.net.Socket]
[ERROR]   JuegoLogicTest.setUp:30 Mockito 
Mockito cannot mock this class: class java.net.Socket.

If you're not sure why you're getting this error, please open an issue on GitHub.


Java               : 25
JVM vendor name    : Oracle Corporation
JVM vendor version : 25.0.1+8-LTS-27
JVM name           : Java HotSpot(TM) 64-Bit Server VM
JVM version        : 25.0.1+8-LTS-27
JVM info           : mixed mode, sharing
OS name            : Windows 11
OS version         : 10.0


You are seeing this disclaimer because Mockito is configured to create inlined mocks.
You can learn about inline mocks and their limitations under item #39 of the Mockito class javadoc.

Underlying exception : org.mockito.exceptions.base.MockitoException: Could not modify all classes [interface java.io.Closeable, interface java.lang.AutoCloseable, class java.lang.Object, class java.net.Socket]
[ERROR]   JuegoLogicTest.setUp:30 Mockito 
Mockito cannot mock this class: class java.net.Socket.

If you're not sure why you're getting this error, please open an issue on GitHub.


Java               : 25
JVM vendor name    : Oracle Corporation
JVM vendor version : 25.0.1+8-LTS-27
JVM name           : Java HotSpot(TM) 64-Bit Server VM
JVM version        : 25.0.1+8-LTS-27
JVM info           : mixed mode, sharing
OS name            : Windows 11
OS version         : 10.0


You are seeing this disclaimer because Mockito is configured to create inlined mocks.
You can learn about inline mocks and their limitations under item #39 of the Mockito class javadoc.

Underlying exception : org.mockito.exceptions.base.MockitoException: Could not modify all classes [interface java.io.Closeable, interface java.lang.AutoCloseable, class java.lang.Object, class java.net.Socket]
[ERROR]   JuegoLogicTest.setUp:30 Mockito 
Mockito cannot mock this class: class java.net.Socket.

If you're not sure why you're getting this error, please open an issue on GitHub.


Java               : 25
JVM vendor name    : Oracle Corporation
JVM vendor version : 25.0.1+8-LTS-27
JVM name           : Java HotSpot(TM) 64-Bit Server VM
JVM version        : 25.0.1+8-LTS-27
JVM info           : mixed mode, sharing
OS name            : Windows 11
OS version         : 10.0


You are seeing this disclaimer because Mockito is configured to create inlined mocks.
You can learn about inline mocks and their limitations under item #39 of the Mockito class javadoc.

Underlying exception : org.mockito.exceptions.base.MockitoException: Could not modify all classes [interface java.io.Closeable, interface java.lang.AutoCloseable, class java.lang.Object, class java.net.Socket]
[ERROR]   JuegoLogicTest.setUp:30 Mockito 
Mockito cannot mock this class: class java.net.Socket.

If you're not sure why you're getting this error, please open an issue on GitHub.


Java               : 25
JVM vendor name    : Oracle Corporation
JVM vendor version : 25.0.1+8-LTS-27
JVM name           : Java HotSpot(TM) 64-Bit Server VM
JVM version        : 25.0.1+8-LTS-27
JVM info           : mixed mode, sharing
OS name            : Windows 11
OS version         : 10.0


You are seeing this disclaimer because Mockito is configured to create inlined mocks.
You can learn about inline mocks and their limitations under item #39 of the Mockito class javadoc.

Underlying exception : org.mockito.exceptions.base.MockitoException: Could not modify all classes [interface java.io.Closeable, interface java.lang.AutoCloseable, class java.lang.Object, class java.net.Socket]
[ERROR]   JuegoLogicTest.setUp:30 Mockito 
Mockito cannot mock this class: class java.net.Socket.

If you're not sure why you're getting this error, please open an issue on GitHub.


Java               : 25
JVM vendor name    : Oracle Corporation
JVM vendor version : 25.0.1+8-LTS-27
JVM name           : Java HotSpot(TM) 64-Bit Server VM
JVM version        : 25.0.1+8-LTS-27
JVM info           : mixed mode, sharing
OS name            : Windows 11
OS version         : 10.0


You are seeing this disclaimer because Mockito is configured to create inlined mocks.
You can learn about inline mocks and their limitations under item #39 of the Mockito class javadoc.

Underlying exception : org.mockito.exceptions.base.MockitoException: Could not modify all classes [interface java.io.Closeable, interface java.lang.AutoCloseable, class java.lang.Object, class java.net.Socket]
[ERROR]   JuegoLogicTest.setUp:30 Mockito 
Mockito cannot mock this class: class java.net.Socket.

If you're not sure why you're getting this error, please open an issue on GitHub.


Java               : 25
JVM vendor name    : Oracle Corporation
JVM vendor version : 25.0.1+8-LTS-27
JVM name           : Java HotSpot(TM) 64-Bit Server VM
JVM version        : 25.0.1+8-LTS-27
JVM info           : mixed mode, sharing
OS name            : Windows 11
OS version         : 10.0


You are seeing this disclaimer because Mockito is configured to create inlined mocks.
You can learn about inline mocks and their limitations under item #39 of the Mockito class javadoc.

Underlying exception : org.mockito.exceptions.base.MockitoException: Could not modify all classes [interface java.io.Closeable, interface java.lang.AutoCloseable, class java.lang.Object, class java.net.Socket]
[ERROR]   JuegoLogicTest.setUp:30 Mockito 
Mockito cannot mock this class: class java.net.Socket.

If you're not sure why you're getting this error, please open an issue on GitHub.


Java               : 25
JVM vendor name    : Oracle Corporation
JVM vendor version : 25.0.1+8-LTS-27
JVM name           : Java HotSpot(TM) 64-Bit Server VM
JVM version        : 25.0.1+8-LTS-27
JVM info           : mixed mode, sharing
OS name            : Windows 11
OS version         : 10.0


You are seeing this disclaimer because Mockito is configured to create inlined mocks.
You can learn about inline mocks and their limitations under item #39 of the Mockito class javadoc.

Underlying exception : org.mockito.exceptions.base.MockitoException: Could not modify all classes [interface java.io.Closeable, interface java.lang.AutoCloseable, class java.lang.Object, class java.net.Socket]
[INFO] 
[ERROR] Tests run: 11, Failures: 0, Errors: 11, Skipped: 0
[INFO] 
[INFO] ------------------------------------------------------------------------
[INFO] BUILD FAILURE
[INFO] ------------------------------------------------------------------------
[INFO] Total time:  4.268 s
[INFO] Finished at: 2026-01-27T12:53:54+01:00
[INFO] ------------------------------------------------------------------------
[ERROR] Failed to execute goal org.apache.maven.plugins:maven-surefire-plugin:3.2.5:test (default-test) on project demo: 
[ERROR] 
[ERROR] Please refer to C:\Users\jaime\Desktop\Apuntes\PSP\practica_ut3_grupo1\target\surefire-reports for the individual test results.
[ERROR] Please refer to dump files (if any exist) [date].dump, [date]-jvmRun[N].dump and [date].dumpstream.
[ERROR] -> [Help 1]
org.apache.maven.lifecycle.LifecycleExecutionException: Failed to execute goal org.apache.maven.plugins:maven-surefire-plugin:3.2.5:test (default-test) on project demo: 

Please refer to C:\Users\jaime\Desktop\Apuntes\PSP\practica_ut3_grupo1\target\surefire-reports for the individual test results.
Please refer to dump files (if any exist) [date].dump, [date]-jvmRun[N].dump and [date].dumpstream.
    at org.apache.maven.lifecycle.internal.MojoExecutor.doExecute2 (MojoExecutor.java:333)
    at org.apache.maven.lifecycle.internal.MojoExecutor.doExecute (MojoExecutor.java:316)
    at org.apache.maven.lifecycle.internal.MojoExecutor.execute (MojoExecutor.java:212)
    at org.apache.maven.lifecycle.internal.MojoExecutor.execute (MojoExecutor.java:174)
    at org.apache.maven.lifecycle.internal.MojoExecutor.access$000 (MojoExecutor.java:75)
    at org.apache.maven.lifecycle.internal.MojoExecutor$1.run (MojoExecutor.java:162)
    at org.apache.maven.plugin.DefaultMojosExecutionStrategy.execute (DefaultMojosExecutionStrategy.java:39)
    at org.apache.maven.lifecycle.internal.MojoExecutor.execute (MojoExecutor.java:159)
    at org.apache.maven.lifecycle.internal.LifecycleModuleBuilder.buildProject (LifecycleModuleBuilder.java:105)
    at org.apache.maven.lifecycle.internal.LifecycleModuleBuilder.buildProject (LifecycleModuleBuilder.java:73)
    at org.apache.maven.lifecycle.internal.builder.singlethreaded.SingleThreadedBuilder.build (SingleThreadedBuilder.java:53)
    at org.apache.maven.lifecycle.internal.LifecycleStarter.execute (LifecycleStarter.java:118)
    at org.apache.maven.DefaultMaven.doExecute (DefaultMaven.java:261)
    at org.apache.maven.DefaultMaven.doExecute (DefaultMaven.java:173)
    at org.apache.maven.DefaultMaven.execute (DefaultMaven.java:101)
    at org.apache.maven.cli.MavenCli.execute (MavenCli.java:906)
    at org.apache.maven.cli.MavenCli.doMain (MavenCli.java:283)
    at org.apache.maven.cli.MavenCli.main (MavenCli.java:206)
    at jdk.internal.reflect.DirectMethodHandleAccessor.invoke (DirectMethodHandleAccessor.java:104)
    at java.lang.reflect.Method.invoke (Method.java:565)
    at org.codehaus.plexus.classworlds.launcher.Launcher.launchEnhanced (Launcher.java:255)
    at org.codehaus.plexus.classworlds.launcher.Launcher.launch (Launcher.java:201)
    at org.codehaus.plexus.classworlds.launcher.Launcher.mainWithExitCode (Launcher.java:361)
    at org.codehaus.plexus.classworlds.launcher.Launcher.main (Launcher.java:314)
Caused by: org.apache.maven.plugin.MojoFailureException: 

Please refer to C:\Users\jaime\Desktop\Apuntes\PSP\practica_ut3_grupo1\target\surefire-reports for the individual test results.
Please refer to dump files (if any exist) [date].dump, [date]-jvmRun[N].dump and [date].dumpstream.
    at org.apache.maven.plugin.surefire.SurefireHelper.throwException (SurefireHelper.java:247)
    at org.apache.maven.plugin.surefire.SurefireHelper.reportExecution (SurefireHelper.java:159)
    at org.apache.maven.plugin.surefire.SurefirePlugin.handleSummary (SurefirePlugin.java:542)
    at org.apache.maven.plugin.surefire.AbstractSurefireMojo.executeAfterPreconditionsChecked (AbstractSurefireMojo.java:1102)
    at org.apache.maven.plugin.surefire.AbstractSurefireMojo.execute (AbstractSurefireMojo.java:910)
    at org.apache.maven.plugin.DefaultBuildPluginManager.executeMojo (DefaultBuildPluginManager.java:126)
    at org.apache.maven.lifecycle.internal.MojoExecutor.doExecute2 (MojoExecutor.java:328)
    at org.apache.maven.lifecycle.internal.MojoExecutor.doExecute (MojoExecutor.java:316)
    at org.apache.maven.lifecycle.internal.MojoExecutor.execute (MojoExecutor.java:212)
    at org.apache.maven.lifecycle.internal.MojoExecutor.execute (MojoExecutor.java:174)
    at org.apache.maven.lifecycle.internal.MojoExecutor.access$000 (MojoExecutor.java:75)
    at org.apache.maven.lifecycle.internal.MojoExecutor$1.run (MojoExecutor.java:162)
    at org.apache.maven.plugin.DefaultMojosExecutionStrategy.execute (DefaultMojosExecutionStrategy.java:39)
    at org.apache.maven.lifecycle.internal.MojoExecutor.execute (MojoExecutor.java:159)
    at org.apache.maven.lifecycle.internal.LifecycleModuleBuilder.buildProject (LifecycleModuleBuilder.java:105)
    at org.apache.maven.lifecycle.internal.LifecycleModuleBuilder.buildProject (LifecycleModuleBuilder.java:73)
    at org.apache.maven.lifecycle.internal.builder.singlethreaded.SingleThreadedBuilder.build (SingleThreadedBuilder.java:53)
    at org.apache.maven.lifecycle.internal.LifecycleStarter.execute (LifecycleStarter.java:118)
    at org.apache.maven.DefaultMaven.doExecute (DefaultMaven.java:261)
    at org.apache.maven.DefaultMaven.doExecute (DefaultMaven.java:173)
    at org.apache.maven.DefaultMaven.execute (DefaultMaven.java:101)
    at org.apache.maven.cli.MavenCli.execute (MavenCli.java:906)
    at org.apache.maven.cli.MavenCli.doMain (MavenCli.java:283)
    at org.apache.maven.cli.MavenCli.main (MavenCli.java:206)
    at jdk.internal.reflect.DirectMethodHandleAccessor.invoke (DirectMethodHandleAccessor.java:104)
    at java.lang.reflect.Method.invoke (Method.java:565)
    at org.codehaus.plexus.classworlds.launcher.Launcher.launchEnhanced (Launcher.java:255)
    at org.codehaus.plexus.classworlds.launcher.Launcher.launch (Launcher.java:201)
    at org.codehaus.plexus.classworlds.launcher.Launcher.mainWithExitCode (Launcher.java:361)
    at org.codehaus.plexus.classworlds.launcher.Launcher.main (Launcher.java:314)
[ERROR] 
[ERROR] 
[ERROR] For more information about the errors and possible solutions, please read the following articles:
[ERROR] [Help 1] http://cwiki.apache.org/confluence/display/MAVEN/MojoFailureException
[DEBUG] Shutting down adapter factory; available factories [file-lock, rwlock-local, semaphore-local, noop]; available name mappers [discriminating, file-gav, file-hgav, file-static, gav, static]
[DEBUG] Shutting down 'file-lock' factory
[DEBUG] Shutting down 'rwlock-local' factory
[DEBUG] Shutting down 'semaphore-local' factory
[DEBUG] Shutting down 'noop' factory
